0x80000000 (0xcc728013)
0x80000004 (0xe1430013)
0x80000008 (0x10138013)
0x8000000c (0xf7d40013)
0x80000010 (0xcde48013)
0x80000014 (0xdfc50013)
0x80000018 (0xf2158013)
0x8000001c (0xd2460013)
0x80000020 (0xed268013)
0x80000024 (0x3e770013)
0x80000028 (0xc2678013)
0x8000002c (0x1c780013)
0x80000030 (0x28988013)
0x80000034 (0xd7390013)
0x80000038 (0xf2e98013)
0x8000003c (0xfe3a0013)
0x80000040 (0x0aaa8013)
0x80000044 (0x211b0013)
0x80000048 (0x3afb8013)
0x8000004c (0x23bc0013)
0x80000050 (0xf13c8013)
0x80000054 (0xdedd0013)
0x80000058 (0x2f5d8013)
0x8000005c (0xf4ae0013)
0x80000060 (0x29ee8013)
0x80000064 (0x0c4f0013)
0x80000068 (0xe88f8013)
0x8000006c (0x01cf85b3) x11 0x00000000
0x80000070 (0xfdf58793) x15 0xffffffdf
0x80000074 (0x010c0fb3) x31 0x00000000
0x80000078 (0x011fc733) x14 0x00000000
0x8000007c (0x020ffc13) x24 0x00000000
0x80000080 (0x009d0ab3) x21 0x00000000
0x80000084 (0x01cacb33) x22 0x00000000
0x80000088 (0x00fa86b3) x13 0xffffffdf
0x8000008c (0x406a8333) x6  0x00000000
0x80000090 (0x00e68e33) x28 0xffffffdf
0x80000094 (0x01ee6fb3) x31 0xffffffdf
0x80000098 (0x026e4413) x8  0xfffffff9
0x8000009c (0x001e6913) x18 0xffffffdf
0x800000a0 (0x409e0cb3) x25 0xffffffdf
0x800000a4 (0x00e40333) x6  0xfffffff9
0x800000a8 (0x016304b3) x9  0xfffffff9
0x800000ac (0x02436d93) x27 0xfffffffd
0x800000b0 (0x01c30b33) x22 0xffffffd8
0x800000b4 (0x00637e33) x28 0xfffffff9
0x800000b8 (0x00737833) x16 0x00000000
0x800000bc (0x00a588b3) x17 0x00000000
0x800000c0 (0x41150ab3) x21 0x00000000
0x800000c4 (0x00ef8ab3) x21 0xffffffdf
0x800000c8 (0x015c4333) x6  0xffffffdf
0x800000cc (0x015c42b3) x5  0xffffffdf
0x800000d0 (0x01dc89b3) x19 0xffffffdf
0x800000d4 (0x413f0833) x16 0x00000021
0x800000d8 (0x013f0f33) x30 0xffffffdf
0x800000dc (0x013f7b33) x22 0xffffffdf
0x800000e0 (0x008b82b3) x5  0xfffffff9
0x800000e4 (0x00540cb3) x25 0xfffffff2
0x800000e8 (0x005407b3) x15 0xfffffff2
0x800000ec (0x005aeab3) x21 0xffffffff
0x800000f0 (0x0059f3b3) x7  0xffffffd9
0x800000f4 (0x01dd89b3) x19 0xfffffffd
0x800000f8 (0x0132e533) x10 0xfffffffd
0x800000fc (0x0132ef33) x30 0xfffffffd
0x80000100 (0x013a6fb3) x31 0xfffffffd
0x80000104 (0x013a7fb3) x31 0x00000000
0x80000108 (0x413a0433) x8  0x00000003
0x8000010c (0x41490d33) x26 0xffffffdf
0x80000110 (0x00ad4633) x12 0x00000022
0x80000114 (0x40a98633) x12 0x00000000
0x80000118 (0x01067433) x8  0x00000000
0x8000011c (0x01e64e13) x28 0x0000001e
0x80000120 (0x40e38e33) x28 0xffffffd9
0x80000124 (0x00ce0e33) x28 0xffffffd9
0x80000128 (0x00ce43b3) x7  0xffffffd9
0x8000012c (0x016e0593) x11 0xffffffef
0x80000130 (0x41b38433) x8  0xffffffdc
0x80000134 (0xfd846393) x7  0xffffffdc
0x80000138 (0xfe544e13) x28 0x00000039
0x8000013c (0x01040e33) x28 0xfffffffd
0x80000140 (0x01246bb3) x23 0xffffffdf
0x80000144 (0x40930633) x12 0xffffffe6
0x80000148 (0x00664db3) x27 0x00000039
0x8000014c (0x014647b3) x15 0xffffffe6
0x80000150 (0x41a60633) x12 0x00000007
0x80000154 (0x00960a93) x21 0x00000010
0x80000158 (0xff966b93) x23 0xffffffff
0x8000015c (0x40f982b3) x5  0x00000017
0x80000160 (0x00580633) x12 0x00000038
0x80000164 (0x41cd8833) x16 0x0000003c
0x80000168 (0x010e6eb3) x29 0xfffffffd
0x8000016c (0x01096bb3) x23 0xffffffff
0x80000170 (0x410a8533) x10 0xffffffd4
0x80000174 (0x00a87d33) x26 0x00000014
0x80000178 (0x00a2cb33) x22 0xffffffc3
0x8000017c (0x00ad4c33) x24 0xffffffc0
0x80000180 (0x40870833) x16 0x00000024
0x80000184 (0x01046833) x16 0xfffffffc
0x80000188 (0x41038fb3) x31 0xffffffe0
0x8000018c (0x0108e8b3) x17 0xfffffffc
0x80000190 (0x41088333) x6  0x00000000
0x80000194 (0x41440c33) x24 0xffffffdc
0x80000198 (0x018a74b3) x9  0x00000000
0x8000019c (0x018a4db3) x27 0xffffffdc
0x800001a0 (0x018e04b3) x9  0xffffffd9
0x800001a4 (0x41860bb3) x23 0x0000005c
0x800001a8 (0x01864533) x10 0xffffffe4
0x800001ac (0x01434e33) x28 0x00000000
0x800001b0 (0x005e4e33) x28 0x00000017
0x800001b4 (0x01a74833) x16 0x00000014
0x800001b8 (0x01280933) x18 0xfffffff3
0x800001bc (0x00187a93) x21 0x00000000
0x800001c0 (0x0108cd33) x26 0xffffffe8
0x800001c4 (0x01cd4833) x16 0xffffffff
0x800001c8 (0x01cd6633) x12 0xffffffff
0x800001cc (0x41fd0c33) x24 0x00000008
0x800001d0 (0x00f3c333) x6  0x0000003a
0x800001d4 (0x006306b3) x13 0x00000074
0x800001d8 (0xfef36713) x14 0xffffffff
0x800001dc (0x02637313) x6  0x00000022
0x800001e0 (0xff330893) x17 0x00000015
0x800001e4 (0x00b9ccb3) x25 0x00000012
0x800001e8 (0x40bc8733) x14 0x00000023
0x800001ec (0x003ced13) x26 0x00000013
0x800001f0 (0xfd8ce913) x18 0xffffffda
0x800001f4 (0x016c8433) x8  0xffffffd5
0x800001f8 (0x41ec82b3) x5  0x00000015
0x800001fc (0x013842b3) x5  0x00000002
0x80000200 (0x0059ccb3) x25 0xffffffff
0x80000204 (0x005e4db3) x27 0x00000015
0x80000208 (0x01b2f3b3) x7  0x00000000
0x8000020c (0x01bfceb3) x29 0xfffffff5
0x80000210 (0x00b54333) x6  0x0000000b
0x80000214 (0x006d8633) x12 0x00000020
0x80000218 (0x00644fb3) x31 0xffffffde
0x8000021c (0x006507b3) x15 0xffffffef
0x80000220 (0x01644633) x12 0x00000016
0x80000224 (0x00cb7db3) x27 0x00000002
0x80000228 (0x40cb0833) x16 0xffffffad
0x8000022c (0x40ca0d33) x26 0xffffffea
0x80000230 (0x40cf0bb3) x23 0xffffffe7
0x80000234 (0x01eecd33) x26 0x00000008
0x80000238 (0x01a88c33) x24 0x0000001d
0x8000023c (0x01a87cb3) x25 0x00000008
0x80000240 (0x01a84733) x14 0xffffffa5
0x80000244 (0x41a80333) x6  0xffffffa5
0x80000248 (0x01ad4433) x8  0x00000000
0x8000024c (0x0137e633) x12 0xffffffff
0x80000250 (0x00566cb3) x25 0xffffffff
0x80000254 (0x01a9e3b3) x7  0xfffffffd
0x80000258 (0xfe838693) x13 0xffffffe5
0x8000025c (0x01f3f693) x13 0x0000001d
0x80000260 (0x0165edb3) x27 0xffffffef
0x80000264 (0x00fdfa33) x20 0xffffffef
0x80000268 (0x414d8733) x14 0x00000000
0x8000026c (0xfdfd8b93) x23 0xffffffce
0x80000270 (0x014de733) x14 0xffffffef
0x80000274 (0x01b70b33) x22 0xffffffde
0x80000278 (0x01a74393) x7  0xfffffff5
0x8000027c (0x02777c13) x24 0x00000027
0x80000280 (0xff470893) x17 0xffffffe3
0x80000284 (0x00c6ecb3) x25 0xffffffff
0x80000288 (0xfdbcc393) x7  0x00000024
0x8000028c (0x40fc88b3) x17 0x00000010
0x80000290 (0xfefc8f93) x31 0xffffffee
0x80000294 (0x01dc8733) x14 0xfffffff4
0x80000298 (0xfe5ceb13) x22 0xffffffff
0x8000029c (0x005e66b3) x13 0x00000017
0x800002a0 (0x00d488b3) x17 0xfffffff0
0x800002a4 (0x009463b3) x7  0xffffffd9
0x800002a8 (0x40760fb3) x31 0x00000026
0x800002ac (0x00766633) x12 0xffffffff
0x800002b0 (0x0128e7b3) x15 0xfffffffa
0x800002b4 (0x00f602b3) x5  0xfffffff9
0x800002b8 (0x00f60cb3) x25 0xfffffff9
0x800002bc (0x00f9e633) x12 0xffffffff
0x800002c0 (0x00adea33) x20 0xffffffef
0x800002c4 (0x014684b3) x9  0x00000006
0x800002c8 (0x41468733) x14 0x00000028
0x800002cc (0x014a84b3) x9  0xffffffef
0x800002d0 (0x014af333) x6  0x00000000
0x800002d4 (0x0082ebb3) x23 0xfffffff9
0x800002d8 (0x017408b3) x17 0xfffffff9
0x800002dc (0x0179ea33) x20 0xfffffffd
0x800002e0 (0x01768533) x10 0x00000010
0x800002e4 (0x0176fa33) x20 0x00000011
0x800002e8 (0x01786b33) x22 0xfffffffd
0x800002ec (0x01a973b3) x7  0x00000008
0x800002f0 (0x0193fd33) x26 0x00000008
0x800002f4 (0x01bafb33) x22 0x00000000
0x800002f8 (0xff7b7a93) x21 0x00000000
0x800002fc (0x014b6db3) x27 0x00000011
0x80000300 (0x01fe7333) x6  0x00000006
0x80000304 (0xfdd37493) x9  0x00000004
0x80000308 (0x00537fb3) x31 0x00000000
0x8000030c (0x00b36733) x14 0xffffffef
0x80000310 (0x01a777b3) x15 0x00000008
0x80000314 (0x01e7f493) x9  0x00000008
0x80000318 (0x41878633) x12 0xffffffe1
0x8000031c (0x01178313) x6  0x00000019
0x80000320 (0x41c78cb3) x25 0xfffffff1
0x80000324 (0x00cc75b3) x11 0x00000021
0x80000328 (0x00058d93) x27 0x00000021
0x8000032c (0x0085e8b3) x17 0x00000021
0x80000330 (0x00858533) x10 0x00000021
0x80000334 (0x00b5f433) x8  0x00000021
0x80000338 (0x00e58eb3) x29 0x00000010
0x8000033c (0x012f79b3) x19 0xffffffd8
0x80000340 (0x0132ee33) x28 0xfffffff9
0x80000344 (0x012ef5b3) x11 0x00000010
0x80000348 (0x00ba6f33) x30 0x00000011
0x8000034c (0x00ba0db3) x27 0x00000021
0x80000350 (0x013f7cb3) x25 0x00000010
0x80000354 (0x0199fe33) x28 0x00000010
0x80000358 (0x019bf633) x12 0x00000010
0x8000035c (0x019965b3) x11 0xffffffda
0x80000360 (0x01f673b3) x7  0x00000000
0x80000364 (0x007a8eb3) x29 0x00000000
0x80000368 (0x0073eeb3) x29 0x00000000
0x8000036c (0x0073fab3) x21 0x00000000
0x80000370 (0x0076f4b3) x9  0x00000000
0x80000374 (0x0066f8b3) x17 0x00000011
0x80000378 (0x01130533) x10 0x0000002a
0x8000037c (0x0119e8b3) x17 0xffffffd9
0x80000380 (0x0119e7b3) x15 0xffffffd9
0x80000384 (0x41198433) x8  0xffffffff
0x80000388 (0x011988b3) x17 0xffffffb1
0x8000038c (0xffc60793) x15 0x0000000c
0x80000390 (0x0157e7b3) x15 0x0000000c
0x80000394 (0xffb58f13) x30 0xffffffd5
0x80000398 (0x002f0793) x15 0xffffffd7
0x8000039c (0x018f66b3) x13 0xfffffff7
0x800003a0 (0x023b8f13) x30 0x0000001c
0x800003a4 (0xff7f4c93) x25 0xffffffeb
0x800003a8 (0xfdef6993) x19 0xffffffde
0x800003ac (0x00cf6d93) x27 0x0000001c
0x800003b0 (0x006f8593) x11 0x00000006
0x800003b4 (0xfec58b93) x23 0xfffffff2
0x800003b8 (0xfdf5ff93) x31 0x00000006
0x800003bc (0xfe55ea93) x21 0xffffffe7
0x800003c0 (0xfdc5e893) x17 0xffffffde
0x800003c4 (0xff228693) x13 0xffffffeb
0x800003c8 (0xff96fb13) x22 0xffffffe9
0x800003cc (0x0196f8b3) x17 0xffffffeb
0x800003d0 (0x0136e4b3) x9  0xffffffff
0x800003d4 (0x01d6e4b3) x9  0xffffffeb
0x800003d8 (0xff36c693) x13 0x00000018
0x800003dc (0xfefb4d13) x26 0x00000006
0x800003e0 (0xfe8d0f93) x31 0xffffffee
0x800003e4 (0x00ce4d93) x27 0x0000001c
0x800003e8 (0x00fdf8b3) x17 0x00000014
0x800003ec (0x005d88b3) x17 0x00000015
0x800003f0 (0xfed6cd93) x27 0xfffffff5
0x800003f4 (0xfe0dce13) x28 0x00000015
0x800003f8 (0x008de633) x12 0xffffffff
0x800003fc (0xffadf813) x16 0xfffffff0
0x80000400 (0xff574293) x5  0x0000001a
0x80000404 (0x41e28bb3) x23 0xfffffffe
0x80000408 (0x0122f3b3) x7  0x0000001a
0x8000040c (0xffc2fb93) x23 0x00000018
0x80000410 (0xffb2f813) x16 0x0000001a
0x80000414 (0xffca4293) x5  0xffffffed
0x80000418 (0x40f28833) x16 0x00000016
0x8000041c (0x00e2e813) x16 0xffffffef
0x80000420 (0x0122e613) x12 0xffffffff
0x80000424 (0x40f28f33) x30 0x00000016
0x80000428 (0xfe72f293) x5  0xffffffe5
0x8000042c (0xff22e793) x15 0xfffffff7
0x80000430 (0x01078433) x8  0xffffffe6
0x80000434 (0x0138eb13) x22 0x00000017
0x80000438 (0x012b0c33) x24 0xfffffff1
0x8000043c (0xfeab0c13) x24 0x00000001
0x80000440 (0xff6a6b93) x23 0xfffffff7
0x80000444 (0x018b8693) x13 0x0000000f
0x80000448 (0x40fb8833) x16 0x00000000
0x8000044c (0x00cb8eb3) x29 0xfffffff6
0x80000450 (0xfdb2e393) x7  0xffffffff
0x80000454 (0x0143cfb3) x31 0xffffffee
0x80000458 (0x00a3c2b3) x5  0xffffffd5
0x8000045c (0x0123c4b3) x9  0x00000025
0x80000460 (0x0153e833) x16 0xffffffff
0x80000464 (0xfff5e993) x19 0xffffffff
0x80000468 (0x41e98b33) x22 0xffffffe9
0x8000046c (0x0089fd13) x26 0x00000008
0x80000470 (0x00d98833) x16 0x0000000e
0x80000474 (0xfe39c493) x9  0x0000001c
0x80000478 (0x0179c3b3) x7  0x00000008
0x8000047c (0xfe857293) x5  0x00000028
0x80000480 (0x0152e7b3) x15 0xffffffef
0x80000484 (0x00537e13) x28 0x00000001
0x80000488 (0x012e4ab3) x21 0xffffffdb
0x8000048c (0x009e0fb3) x31 0x0000001d
0x80000490 (0x02457393) x7  0x00000020
0x80000494 (0x0173c9b3) x19 0xffffffd7
0x80000498 (0xff13ef93) x31 0xfffffff1
0x8000049c (0x0123e413) x8  0x00000032
0x800004a0 (0x01acf813) x16 0x0000000a
0x800004a4 (0x01f848b3) x17 0xfffffffb
0x800004a8 (0x01586db3) x27 0xffffffdb
0x800004ac (0x00886713) x14 0x0000000a
0x800004b0 (0x00b84a13) x20 0x00000001
0x800004b4 (0x01dd7e13) x28 0x00000008
0x800004b8 (0x01fe0e93) x29 0x00000027
0x800004bc (0x011e06b3) x13 0x00000003
0x800004c0 (0x010e4e13) x28 0x00000018
0x800004c4 (0x00be4833) x16 0x0000001e
0x800004c8 (0xfd8e0913) x18 0xfffffff0
0x800004cc (0x00fc0333) x6  0xfffffff0
0x800004d0 (0x41730fb3) x31 0xfffffff9
0x800004d4 (0x00868a33) x20 0x00000035
0x800004d8 (0x020a0593) x11 0x00000055
0x800004dc (0x008a06b3) x13 0x00000067
0x800004e0 (0x010386b3) x13 0x0000003e
0x800004e4 (0x0076eb33) x22 0x0000003e
0x800004e8 (0xff36c493) x9  0xffffffcd
0x800004ec (0x0266eb93) x23 0x0000003e
0x800004f0 (0x01fc8ab3) x21 0xffffffe4
0x800004f4 (0x005acab3) x21 0xffffffcc
0x800004f8 (0x01bac993) x19 0xffffffd7
0x800004fc (0x01eafdb3) x27 0x00000004
0x80000500 (0x40ba8733) x14 0xffffff77
0x80000504 (0x005805b3) x11 0x00000046
0x80000508 (0x0085c633) x12 0x00000074
0x8000050c (0x0095e8b3) x17 0xffffffcf
0x80000510 (0x01a5c4b3) x9  0x0000004e
0x80000514 (0x0205ec13) x24 0x00000066
0x80000518 (0x02258593) x11 0x00000068
0x8000051c (0x019b8eb3) x29 0x00000029
0x80000520 (0x01d9f5b3) x11 0x00000001
0x80000524 (0x01678533) x10 0x0000002d
0x80000528 (0x00a2f4b3) x9  0x00000028
0x8000052c (0x00ae6633) x12 0x0000003d
0x80000530 (0x01fa8b33) x22 0xffffffc5
0x80000534 (0x016ffcb3) x25 0xffffffc1
0x80000538 (0x416f8f33) x30 0x00000034
0x8000053c (0x0169c9b3) x19 0x00000012
0x80000540 (0x01ba0fb3) x31 0x00000039
0x80000544 (0x01fdccb3) x25 0x0000003d
0x80000548 (0x01fd8c33) x24 0x0000003d
0x8000054c (0x01f57ab3) x21 0x00000029
0x80000550 (0x01f86533) x10 0x0000003f
0x80000554 (0x01b78f33) x30 0xfffffff3
0x80000558 (0x01edc833) x16 0xfffffff7
0x8000055c (0x01e3ebb3) x23 0xfffffff3
0x80000560 (0x01ecfeb3) x29 0x00000031
0x80000564 (0x01e54ab3) x21 0xffffffcc
0x80000568 (0x01e948b3) x17 0x00000003
0x8000056c (0x416384b3) x9  0x0000005b
0x80000570 (0xfea4c593) x11 0xffffffb1
0x80000574 (0x413703b3) x7  0xffffff65
0x80000578 (0x01038633) x12 0xffffff5c
0x8000057c (0xfd83cc13) x24 0x000000bd
0x80000580 (0x41780eb3) x29 0x00000004
0x80000584 (0x010e8533) x10 0xfffffffb
0x80000588 (0x010ee433) x8  0xfffffff7
0x8000058c (0x007efcb3) x25 0x00000004
0x80000590 (0x40dc8a33) x20 0xffffffc6
0x80000594 (0x021a6613) x12 0xffffffe7
0x80000598 (0x00ca6933) x18 0xffffffe7
0x8000059c (0x016a0313) x6  0xffffffdc
0x800005a0 (0x412a0833) x16 0xffffffdf
0x800005a4 (0x41750eb3) x29 0x00000008
0x800005a8 (0x416e8533) x10 0x00000043
0x800005ac (0xff1ec313) x6  0xfffffff9
0x800005b0 (0x014e83b3) x7  0xffffffce
0x800005b4 (0x011ecdb3) x27 0x0000000b
0x800005b8 (0xff4ef393) x7  0x00000000
0x800005bc (0x41328ab3) x21 0x00000016
0x800005c0 (0x01598db3) x27 0x00000028
0x800005c4 (0x40698ab3) x21 0x00000019
0x800005c8 (0x01574b33) x22 0xffffff6e
0x800005cc (0x01574f33) x30 0xffffff6e
0x800005d0 (0x40ef0933) x18 0xfffffff7
0x800005d4 (0x0126e533) x10 0xffffffff
0x800005d8 (0x01268933) x18 0x00000035
0x800005dc (0x01240b33) x22 0x0000002c
0x800005e0 (0x41b78bb3) x23 0xffffffc7
0x800005e4 (0x417d8f33) x30 0x00000061
0x800005e8 (0x41740ab3) x21 0x00000030
0x800005ec (0x017f8333) x6  0x00000000
0x800005f0 (0x017e6c33) x24 0xffffffdf
0x800005f4 (0x406f8833) x16 0x00000039
0x800005f8 (0x01074b33) x22 0xffffff4e
0x800005fc (0x01077cb3) x25 0x00000031
0x80000600 (0x01064f33) x30 0xffffffde
0x80000604 (0x0103cb33) x22 0x00000039
0x80000608 (0x01038533) x10 0x00000039
0x8000060c (0x0114c633) x12 0x00000058
0x80000610 (0x00d607b3) x15 0x00000096
0x80000614 (0x01c5cfb3) x31 0xffffffa9
0x80000618 (0xff3fcd13) x26 0x0000005a
0x8000061c (0x00affcb3) x25 0x00000029
0x80000620 (0x009e4a33) x20 0x00000043
0x80000624 (0x01ba0333) x6  0x0000006b
0x80000628 (0x407a07b3) x15 0x00000043
0x8000062c (0x00ea75b3) x11 0x00000043
0x80000630 (0x00fbc433) x8  0xffffff84
0x80000634 (0xfe444d93) x27 0x00000060
0x80000638 (0x00646913) x18 0xffffff86
0x8000063c (0x40b409b3) x19 0xffffff41
0x80000640 (0x01a404b3) x9  0xffffffde
0x80000644 (0x00cacbb3) x23 0x00000068
0x80000648 (0xfe1b8c13) x24 0x00000049
0x8000064c (0x417b88b3) x17 0x00000000
0x80000650 (0x018bc493) x9  0x00000070
0x80000654 (0x00fbcdb3) x27 0x0000002b
0x80000658 (0xff3bed93) x27 0xfffffffb
0x8000065c (0x011c43b3) x7  0x00000049
0x80000660 (0x0075f4b3) x9  0x00000041
0x80000664 (0x017d4fb3) x31 0x00000032
0x80000668 (0x01f3c733) x14 0x0000007b
0x8000066c (0x01fe84b3) x9  0x0000003a
0x80000670 (0x0096c333) x6  0x00000004
0x80000674 (0x0063f533) x10 0x00000000
0x80000678 (0x0063f533) x10 0x00000000
0x8000067c (0x0063ceb3) x29 0x0000004d
0x80000680 (0x0166c8b3) x17 0x00000007
0x80000684 (0x411f09b3) x19 0xffffffd7
0x80000688 (0x0119c2b3) x5  0xffffffd0
0x8000068c (0x0113c433) x8  0x0000004e
0x80000690 (0x011cce33) x28 0x0000002e
0x80000694 (0x01984db3) x27 0x00000010
0x80000698 (0x01bcc933) x18 0x00000039
0x8000069c (0x01bc8533) x10 0x00000039
0x800006a0 (0x01bc0833) x16 0x00000059
0x800006a4 (0x01beccb3) x25 0x0000005d
0x800006a8 (0x41b90eb3) x29 0x00000029
0x800006ac (0x016fe533) x10 0x0000003b
0x800006b0 (0x41450b33) x22 0xfffffff8
0x800006b4 (0x00c4e733) x14 0x0000007a
0x800006b8 (0x40970333) x6  0x00000040
0x800006bc (0x01f76933) x18 0x0000007a
0x800006c0 (0x010d6ab3) x21 0x0000005b
0x800006c4 (0x007af313) x6  0x00000003
0x800006c8 (0x007a8f93) x31 0x00000062
0x800006cc (0xff8a8413) x8  0x00000053
0x800006d0 (0x00b76c33) x24 0x0000007b
0x800006d4 (0x00ac4e33) x28 0x00000040
0x800006d8 (0x417c0733) x14 0x00000013
0x800006dc (0x005c0b33) x22 0x0000004b
0x800006e0 (0x00cc4eb3) x29 0x00000023
0x800006e4 (0x00f9ef33) x30 0xffffffd7
0x800006e8 (0x01bf0293) x5  0xfffffff2
0x800006ec (0x010f7ab3) x21 0x00000051
0x800006f0 (0x40ff0933) x18 0xffffff94
0x800006f4 (0x002f4713) x14 0xffffffd5
0x800006f8 (0x014f44b3) x9  0xffffff94
0x800006fc (0x01466933) x18 0x0000005b
0x80000700 (0x0122cb33) x22 0xffffffa9
0x80000704 (0x00ce6d33) x26 0x00000058
0x80000708 (0x41a607b3) x15 0x00000000
0x8000070c (0x41ae0e33) x28 0xffffffe8
0x80000710 (0x019e6a33) x20 0xfffffffd
0x80000714 (0x014ce5b3) x11 0xfffffffd
0x80000718 (0x014b0a33) x20 0xffffffa6
0x8000071c (0x014b7d33) x26 0xffffffa0
0x80000720 (0x0189e933) x18 0xffffffff
0x80000724 (0x0129c6b3) x13 0x00000028
0x80000728 (0x0123f3b3) x7  0x00000049
0x8000072c (0x412384b3) x9  0x0000004a
0x80000730 (0x0123ffb3) x31 0x00000049
0x80000734 (0x01aee633) x12 0xffffffa3
0x80000738 (0x00c409b3) x19 0xfffffff6
0x8000073c (0x00caedb3) x27 0xfffffff3
0x80000740 (0x00c54d33) x26 0xffffff98
0x80000744 (0x00cd7fb3) x31 0xffffff80
0x80000748 (0x00cd0433) x8  0xffffff3b
0x8000074c (0x012ef7b3) x15 0x00000023
0x80000750 (0x0177e593) x11 0x00000037
0x80000754 (0x0066fab3) x21 0x00000000
0x80000758 (0x01da8f93) x31 0x0000001d
0x8000075c (0x01aaec33) x24 0xffffff98
0x80000760 (0x0182f8b3) x17 0xffffff90
0x80000764 (0x01e8ef33) x30 0xffffffd7
0x80000768 (0x01b8f713) x14 0x00000010
0x8000076c (0xfe188993) x19 0xffffff71
0x80000770 (0x0174fcb3) x25 0x00000048
0x80000774 (0xff2c8513) x10 0x0000003a
0x80000778 (0x017cce33) x28 0x00000020
0x8000077c (0xfefcf313) x6  0x00000048
0x80000780 (0x00dcf4b3) x9  0x00000008
0x80000784 (0x00e97eb3) x29 0x00000010
0x80000788 (0x019ecc33) x24 0x00000058
0x8000078c (0x006eca33) x20 0x00000058
0x80000790 (0x007ef533) x10 0x00000000
0x80000794 (0x00eef433) x8  0x00000010
0x80000798 (0x00bec5b3) x11 0x00000027
0x8000079c (0x0152f333) x6  0x00000000
0x800007a0 (0x006c7f33) x30 0x00000000
0x800007a4 (0x016ef3b3) x7  0x00000000
0x800007a8 (0x007b4633) x12 0xffffffa9
0x800007ac (0x407b8a33) x20 0x00000068
0x800007b0 (0x00bffe33) x28 0x00000005
0x800007b4 (0x01c2ff33) x30 0x00000000
0x800007b8 (0x01ce0333) x6  0x0000000a
0x800007bc (0x01ca0ab3) x21 0x0000006d
0x800007c0 (0x011ffab3) x21 0x00000010
0x800007c4 (0x415485b3) x11 0xfffffff8
0x800007c8 (0x0154ccb3) x25 0x00000018
0x800007cc (0x01564a33) x20 0xffffffb9
0x800007d0 (0x015ef433) x8  0x00000010
0x800007d4 (0x010cf933) x18 0x00000018
0x800007d8 (0x012806b3) x13 0x00000071
0x800007dc (0x01284333) x6  0x00000041
0x800007e0 (0x01286833) x16 0x00000059
0x800007e4 (0x01267e33) x28 0x00000008
0x800007e8 (0x012d02b3) x5  0xffffffb0
0x800007ec (0xff5d8913) x18 0xffffffe8
0x800007f0 (0x412906b3) x13 0x00000000
0x800007f4 (0xfe230893) x17 0x00000023
0x800007f8 (0x0288c713) x14 0x0000000b
0x800007fc (0xfe688a93) x21 0x00000009
0x80000800 (0xfdbe8d93) x27 0xffffffeb
0x80000804 (0x00dd8b33) x22 0xffffffeb
0x80000808 (0x01fdf933) x18 0x00000009
0x8000080c (0x017dc933) x18 0xffffff83
0x80000810 (0x00fc8b93) x23 0x00000027
0x80000814 (0x019bc633) x12 0x0000003f
0x80000818 (0x40ab86b3) x13 0x00000027
0x8000081c (0x019be733) x14 0x0000003f
0x80000820 (0x40bb8eb3) x29 0x0000002f
0x80000824 (0x005a0993) x19 0xffffffbe
0x80000828 (0xfe99c413) x8  0x00000057
0x8000082c (0xffd9ff13) x30 0xffffffbc
0x80000830 (0x00898793) x15 0xffffffc6
0x80000834 (0x0079cd33) x26 0xffffffbe
0x80000838 (0x0169e833) x16 0xffffffff
0x8000083c (0xfde6cd93) x27 0xfffffff9
0x80000840 (0x008dcd93) x27 0xfffffff1
0x80000844 (0x01be4413) x8  0x00000013
0x80000848 (0x00744513) x10 0x00000014
0x8000084c (0x01e47993) x19 0x00000012
0x80000850 (0x027c4513) x10 0x0000007f
0x80000854 (0x00c54613) x12 0x00000073
0x80000858 (0x01b50d33) x26 0x00000070
0x8000085c (0x410506b3) x13 0x00000080
0x80000860 (0x025e4a93) x21 0x0000002d
0x80000864 (0x008acc93) x25 0x00000025
0x80000868 (0x01dacab3) x21 0x00000002
0x8000086c (0xfdcafb13) x22 0x00000000
0x80000870 (0x414a8533) x10 0x00000049
0x80000874 (0x0265c513) x10 0xffffffde
0x80000878 (0x00454d93) x27 0xffffffda
0x8000087c (0x40a50833) x16 0x00000000
0x80000880 (0x02050513) x10 0xfffffffe
0x80000884 (0xfdf57493) x9  0xffffffde
0x80000888 (0xff054413) x8  0x0000000e
0x8000088c (0xfdc66293) x5  0xffffffff
0x80000890 (0x00e2e513) x10 0xffffffff
0x80000894 (0x016eef13) x30 0x0000003f
0x80000898 (0x00bf7eb3) x29 0x00000038
0x8000089c (0x405f0f33) x30 0x00000040
0x800008a0 (0xff7c6393) x7  0xffffffff
0x800008a4 (0x41938ab3) x21 0xffffffda
0x800008a8 (0x40d38e33) x28 0xffffff7f
0x800008ac (0xfff3c913) x18 0x00000000
0x800008b0 (0x00cb6913) x18 0x0000000c
0x800008b4 (0xff990313) x6  0x00000005
0x800008b8 (0x01b96433) x8  0xffffffde
0x800008bc (0xfe790f93) x31 0xfffffff3
0x800008c0 (0xfd890c13) x24 0xffffffe4
0x800008c4 (0xfee86613) x12 0xffffffee
0x800008c8 (0xffe60413) x8  0xffffffec
0x800008cc (0xfe864513) x10 0x00000006
0x800008d0 (0x00567d33) x26 0xffffffee
0x800008d4 (0x00f64f33) x30 0x00000028
0x800008d8 (0x00a60933) x18 0xfffffff4
0x800008dc (0xff34f713) x14 0xffffffd2
0x800008e0 (0x01a74913) x18 0xffffffc8
0x800008e4 (0xff3afd93) x27 0xffffffd2
0x800008e8 (0x40dd82b3) x5  0xffffff52
0x800008ec (0x028dfd93) x27 0x00000000
0x800008f0 (0xfdaff513) x10 0xffffffd2
0x800008f4 (0x01c50ab3) x21 0xffffff51
0x800008f8 (0x40850db3) x27 0xffffffe6
0x800008fc (0x01750713) x14 0xffffffe9
0x80000900 (0xff75f393) x7  0xfffffff0
0x80000904 (0x00d385b3) x11 0x00000070
0x80000908 (0x40a38e33) x28 0x0000001e
0x8000090c (0x00f3fe33) x28 0xffffffc0
0x80000910 (0x0193fcb3) x25 0x00000020
0x80000914 (0x022a7413) x8  0x00000020
0x80000918 (0x01a445b3) x11 0xffffffce
0x8000091c (0x01644e93) x29 0x00000036
0x80000920 (0xfe047b93) x23 0x00000020
0x80000924 (0xfdd40813) x16 0xfffffffd
0x80000928 (0x40c40b33) x22 0x00000032
0x8000092c (0xd4f28013)
0x80000930 (0xf2030013)
0x80000934 (0x2bd38013)
0x80000938 (0xf5c40013)
0x8000093c (0x1ea48013)
0x80000940 (0x30150013)
0x80000944 (0x05f58013)
0x80000948 (0xe6c60013)
0x8000094c (0xceb68013)
0x80000950 (0x23170013)
0x80000954 (0x34178013)
0x80000958 (0x0de80013)
0x8000095c (0xd6788013)
0x80000960 (0x20090013)
0x80000964 (0xead98013)
0x80000968 (0x254a0013)
0x8000096c (0x077a8013)
0x80000970 (0x1e8b0013)
0x80000974 (0xffeb8013)
0x80000978 (0xe14c0013)
0x8000097c (0x1d9c8013)
0x80000980 (0xcc9d0013)
0x80000984 (0x304d8013)
0x80000988 (0x302e0013)
0x8000098c (0x167e8013)
0x80000990 (0xdcdf0013)
0x80000994 (0xd53f8013)
0x80000998 (0x01a38f33) x30 0xffffffde
0x8000099c (0xffaf0f13) x30 0xffffffd8
0x800009a0 (0x01d78a33) x20 0xfffffffc
0x800009a4 (0xfeaa6693) x13 0xfffffffe
0x800009a8 (0xfeea6b93) x23 0xfffffffe
0x800009ac (0x01658d33) x26 0x00000000
0x800009b0 (0x417d0db3) x27 0x00000002
0x800009b4 (0x01bd6f33) x30 0x00000002
0x800009b8 (0x010d0633) x12 0xfffffffd
0x800009bc (0x00fe8c33) x24 0xfffffffc
0x800009c0 (0xfeec4f93) x31 0x00000012
0x800009c4 (0x01fc7793) x15 0x0000001c
0x800009c8 (0x005c0933) x18 0xffffff4e
0x800009cc (0xff4c0a93) x21 0xfffffff0
0x800009d0 (0x00ef0933) x18 0xffffffeb
0x800009d4 (0x01590ab3) x21 0xffffffdb
0x800009d8 (0x00a947b3) x15 0x00000039
0x800009dc (0x01597313) x6  0x00000001
0x800009e0 (0x00f94613) x12 0xffffffe4
0x800009e4 (0xffb94613) x12 0x00000010
0x800009e8 (0x00e589b3) x19 0xffffffb7
0x800009ec (0x01360eb3) x29 0xffffffc7
0x800009f0 (0x01f90eb3) x29 0xfffffffd
0x800009f4 (0x01d50d33) x26 0xffffffcf
0x800009f8 (0x01d563b3) x7  0xffffffff
0x800009fc (0x00f50eb3) x29 0x0000000b
0x80000a00 (0x01dac433) x8  0xffffffd0
0x80000a04 (0x41da8b33) x22 0xffffffd0
0x80000a08 (0x01dafc33) x24 0x0000000b
0x80000a0c (0x01950bb3) x23 0xfffffff2
0x80000a10 (0x017eeab3) x21 0xfffffffb
0x80000a14 (0x017ae533) x10 0xfffffffb
0x80000a18 (0x017a87b3) x15 0xffffffed
0x80000a1c (0x417a8f33) x30 0x00000009
0x80000a20 (0x01e70b33) x22 0xfffffff2
0x80000a24 (0x016cf933) x18 0x00000020
0x80000a28 (0x016ce533) x10 0xfffffff2
0x80000a2c (0x416c88b3) x17 0x0000002e
0x80000a30 (0x016ccc33) x24 0xffffffd2
0x80000a34 (0x016ccd33) x26 0xffffffd2
0x80000a38 (0x410988b3) x17 0xffffffba
0x80000a3c (0xff88c713) x14 0x00000042
0x80000a40 (0x41e68d33) x26 0xfffffff5
0x80000a44 (0x013d4eb3) x29 0x00000042
0x80000a48 (0x010d6e33) x28 0xfffffffd
0x80000a4c (0x416b8d33) x26 0x00000000
0x80000a50 (0x01cd7393) x7  0x00000000
0x80000a54 (0x406d0f33) x30 0xffffffff
0x80000a58 (0x011d0633) x12 0xffffffba
0x80000a5c (0x41de07b3) x15 0xffffffbb
0x80000a60 (0x01778713) x14 0xffffffd2
0x80000a64 (0xffc78693) x13 0xffffffb7
0x80000a68 (0xff07ea93) x21 0xfffffffb
0x80000a6c (0x40d78533) x10 0x00000004
0x80000a70 (0x405b0633) x12 0x000000a0
0x80000a74 (0x00860833) x16 0x00000070
0x80000a78 (0x41660eb3) x29 0x000000ae
0x80000a7c (0x01267a33) x20 0x00000020
0x80000a80 (0x00e64793) x15 0x000000ae
0x80000a84 (0x41460c33) x24 0x00000080
0x80000a88 (0x40828533) x10 0xffffff82
0x80000a8c (0x00a446b3) x13 0x00000052
0x80000a90 (0x40bd8cb3) x25 0x00000034
0x80000a94 (0x019585b3) x11 0x00000002
0x80000a98 (0x019b78b3) x17 0x00000030
0x80000a9c (0x414f8733) x14 0xfffffff2
0x80000aa0 (0x00e70433) x8  0xffffffe4
0x80000aa4 (0x00e765b3) x11 0xfffffff2
0x80000aa8 (0x40e706b3) x13 0x00000000
0x80000aac (0x40b38833) x16 0x0000000e
0x80000ab0 (0x010ce6b3) x13 0x0000003e
0x80000ab4 (0x010ccf33) x30 0x0000003a
0x80000ab8 (0x010cc6b3) x13 0x0000003a
0x80000abc (0x010ce2b3) x5  0x0000003e
0x80000ac0 (0x406a0fb3) x31 0x0000001f
0x80000ac4 (0x41fc85b3) x11 0x00000015
0x80000ac8 (0x01f8efb3) x31 0x0000003f
0x80000acc (0x01f889b3) x19 0x0000006f
0x80000ad0 (0x01facfb3) x31 0xffffffc4
0x80000ad4 (0x01fa86b3) x13 0xffffffbf
0x80000ad8 (0x00954db3) x27 0x0000005c
0x80000adc (0x018de313) x6  0x0000005c
0x80000ae0 (0x005946b3) x13 0x0000001e
0x80000ae4 (0xfe06c613) x12 0xfffffffe
0x80000ae8 (0x0286fa13) x20 0x00000008
0x80000aec (0x00734bb3) x23 0x0000005c
0x80000af0 (0x40bb8e33) x28 0x00000047
0x80000af4 (0x409b8c33) x24 0x0000007e
0x80000af8 (0x017beb93) x23 0x0000005f
0x80000afc (0x01134733) x14 0x0000006c
0x80000b00 (0x00570a33) x20 0x000000aa
0x80000b04 (0x009708b3) x17 0x0000004a
0x80000b08 (0x01174b33) x22 0x00000026
0x80000b0c (0x01d76b33) x22 0x000000ee
0x80000b10 (0x005a4e33) x28 0x00000094
0x80000b14 (0xfdce0893) x17 0x00000070
0x80000b18 (0xfefe6413) x8  0xffffffff
0x80000b1c (0x007e0513) x10 0x0000009b
0x80000b20 (0xfede7993) x19 0x00000084
0x80000b24 (0x019e6d13) x26 0x0000009d
0x80000b28 (0x0122c3b3) x7  0x0000001e
0x80000b2c (0x40790b33) x22 0x00000002
0x80000b30 (0x00aa4bb3) x23 0x00000031
0x80000b34 (0x017f49b3) x19 0x0000000b
0x80000b38 (0x0179c4b3) x9  0x0000003a
0x80000b3c (0x01dbc433) x8  0x0000009f
0x80000b40 (0x008efa33) x20 0x0000008e
0x80000b44 (0x0089efb3) x31 0x0000009f
0x80000b48 (0x00898933) x18 0x000000aa
0x80000b4c (0x005dc733) x14 0x00000062
0x80000b50 (0x00ee7933) x18 0x00000000
0x80000b54 (0x00e683b3) x7  0x00000080
0x80000b58 (0x00e87733) x14 0x00000002
0x80000b5c (0x00e7e3b3) x7  0x000000ae
0x80000b60 (0x009ac433) x8  0xffffffc1
0x80000b64 (0x008483b3) x7  0xfffffffb
0x80000b68 (0x0084fa33) x20 0x00000000
0x80000b6c (0x0084ecb3) x25 0xfffffffb
0x80000b70 (0x408484b3) x9  0x00000079
0x80000b74 (0x00848533) x10 0x0000003a
0x80000b78 (0x00f6e633) x12 0x000000be
0x80000b7c (0x00f64593) x11 0x000000b1
0x80000b80 (0x01a76db3) x27 0x0000009f
0x80000b84 (0x005dcb33) x22 0x000000a1
0x80000b88 (0x016d8bb3) x23 0x00000140
0x80000b8c (0x01a2eeb3) x29 0x000000bf
0x80000b90 (0x00eec593) x11 0x000000b1
0x80000b94 (0xffbec993) x19 0xffffff44
0x80000b98 (0x026e8513) x10 0x000000e5
0x80000b9c (0x00646cb3) x25 0xffffffdd
0x80000ba0 (0x019cf633) x12 0xffffffdd
0x80000ba4 (0x010cf8b3) x17 0x0000000c
0x80000ba8 (0xff6cfb93) x23 0xffffffd4
0x80000bac (0x00ecc993) x19 0xffffffd3
0x80000bb0 (0x00646bb3) x23 0xffffffdd
0x80000bb4 (0x015b8c13) x24 0xfffffff2
0x80000bb8 (0x00fb8d93) x27 0xffffffec
0x80000bbc (0x013bc6b3) x13 0x0000000e
0x80000bc0 (0x00ebcc33) x24 0xffffffdf
0x80000bc4 (0x00cbf733) x14 0xffffffdd
0x80000bc8 (0x01bbe8b3) x17 0xfffffffd
0x80000bcc (0x01176733) x14 0xfffffffd
0x80000bd0 (0x00b96a33) x20 0x000000b1
0x80000bd4 (0x0145eab3) x21 0x000000b1
0x80000bd8 (0x0145fa33) x20 0x000000b1
0x80000bdc (0x01ca6833) x16 0x000000b5
0x80000be0 (0x010e0db3) x27 0x00000149
0x80000be4 (0x01074e33) x28 0xffffff48
0x80000be8 (0x01070bb3) x23 0x000000b2
0x80000bec (0x01696f33) x30 0x000000a1
0x80000bf0 (0x41ef86b3) x13 0xfffffffe
0x80000bf4 (0x01e90d33) x26 0x000000a1
0x80000bf8 (0x41ee85b3) x11 0x0000001e
0x80000bfc (0x01eb45b3) x11 0x00000000
0x80000c00 (0x01246f33) x30 0xffffffc1
0x80000c04 (0x01e94733) x14 0xffffffc1
0x80000c08 (0x41e38533) x10 0x0000003a
0x80000c0c (0x01ea74b3) x9  0x00000081
0x80000c10 (0x41e30eb3) x29 0x0000009b
0x80000c14 (0x41e30eb3) x29 0x0000009b
0x80000c18 (0x00cff433) x8  0x0000009d
0x80000c1c (0x01a44e33) x28 0x0000003c
0x80000c20 (0x008c7e33) x28 0x0000009d
0x80000c24 (0x013e7e33) x28 0x00000091
0x80000c28 (0x026e7693) x13 0x00000000
0x80000c2c (0x019e7933) x18 0x00000091
0x80000c30 (0x01390933) x18 0x00000064
0x80000c34 (0x01390cb3) x25 0x00000037
0x80000c38 (0x010907b3) x15 0x00000119
0x80000c3c (0x01a4f6b3) x13 0x00000081
0x80000c40 (0x0186cab3) x21 0xffffff5e
0x80000c44 (0xfdf68a93) x21 0x00000060
0x80000c48 (0xffd6e793) x15 0xfffffffd
0x80000c4c (0x01d6c833) x16 0x0000001a
0x80000c50 (0x011cffb3) x31 0x00000035
0x80000c54 (0x01bf84b3) x9  0x0000017e
0x80000c58 (0x018ff513) x10 0x00000010
0x80000c5c (0x00fff713) x14 0x00000005
0x80000c60 (0x00efefb3) x31 0x00000035
0x80000c64 (0x022fea13) x20 0x00000037
0x80000c68 (0x01bb7cb3) x25 0x00000001
0x80000c6c (0x019d0833) x16 0x000000a2
0x80000c70 (0x01197c33) x24 0x00000064
0x80000c74 (0x0188ecb3) x25 0xfffffffd
0x80000c78 (0x018a68b3) x17 0x00000077
0x80000c7c (0x00767f33) x30 0xffffffd9
0x80000c80 (0x01e50fb3) x31 0xffffffe9
0x80000c84 (0x41e90b33) x22 0x0000008b
0x80000c88 (0x01e96633) x12 0xfffffffd
0x80000c8c (0x00cdfbb3) x23 0x00000149
0x80000c90 (0x017a8cb3) x25 0x000001a9
0x80000c94 (0x01790733) x14 0x000001ad
0x80000c98 (0x017d8533) x10 0x00000292
0x80000c9c (0x417d88b3) x17 0x00000000
0x80000ca0 (0x01abfc33) x24 0x00000001
0x80000ca4 (0x018d66b3) x13 0x000000a1
0x80000ca8 (0x018d6333) x6  0x000000a1
0x80000cac (0x018d76b3) x13 0x00000001
0x80000cb0 (0x018ae4b3) x9  0x00000061
0x80000cb4 (0x018af2b3) x5  0x00000000
0x80000cb8 (0xfefd8513) x10 0x00000138
0x80000cbc (0x00656533) x10 0x000001b9
0x80000cc0 (0x00740793) x15 0x000000a4
0x80000cc4 (0x0117f493) x9  0x00000000
0x80000cc8 (0xfe078a93) x21 0x00000084
0x80000ccc (0xff588293) x5  0xfffffff5
0x80000cd0 (0x00928f13) x30 0xfffffffe
0x80000cd4 (0xfe42fe93) x29 0xffffffe4
0x80000cd8 (0x01828793) x15 0x0000000d
0x80000cdc (0x018c0813) x16 0x00000019
0x80000ce0 (0x00f86e93) x29 0x0000001f
0x80000ce4 (0x01780db3) x27 0x00000162
0x80000ce8 (0xfee80b13) x22 0x00000007
0x80000cec (0x007868b3) x17 0xfffffffb
0x80000cf0 (0xfe1f0b93) x23 0xffffffdf
0x80000cf4 (0x007b8733) x14 0xffffffda
0x80000cf8 (0x01dbe933) x18 0xffffffdf
0x80000cfc (0x405b89b3) x19 0xffffffea
0x80000d00 (0x40bb8533) x10 0xffffffdf
0x80000d04 (0x018bcb33) x22 0xffffffde
0x80000d08 (0x023b4893) x17 0xfffffffd
0x80000d0c (0x02288d93) x27 0x0000001f
0x80000d10 (0xfe574493) x9  0x0000003f
0x80000d14 (0xfde4e513) x10 0xffffffff
0x80000d18 (0xfe74ed13) x26 0xffffffff
0x80000d1c (0xfe97c493) x9  0xffffffe4
0x80000d20 (0x40a48fb3) x31 0xffffffe5
0x80000d24 (0x01a4cf33) x30 0x0000001b
0x80000d28 (0x0154e493) x9  0xfffffff5
0x80000d2c (0xff964b13) x22 0x00000004
0x80000d30 (0x007b6db3) x27 0xffffffff
0x80000d34 (0xfe5b7d93) x27 0x00000004
0x80000d38 (0x00eb4533) x10 0xffffffde
0x80000d3c (0x414b05b3) x11 0xffffffcd
0x80000d40 (0xfef5c513) x10 0x00000022
0x80000d44 (0xffc57793) x15 0x00000020
0x80000d48 (0x00650633) x12 0x000000c3
0x80000d4c (0x01650733) x14 0x00000026
0x80000d50 (0x01757c13) x24 0x00000002
0x80000d54 (0x01454293) x5  0x00000036
0x80000d58 (0xfe1b6c93) x25 0xffffffe5
0x80000d5c (0x00ecf7b3) x15 0x00000024
0x80000d60 (0xff3bec13) x24 0xffffffff
0x80000d64 (0x00ac04b3) x9  0x00000021
0x80000d68 (0xff9c6d13) x26 0xffffffff
0x80000d6c (0x004ee813) x16 0x0000001f
0x80000d70 (0xff784513) x10 0xffffffe8
0x80000d74 (0x00886db3) x27 0x0000009f
0x80000d78 (0x01784a33) x20 0xffffffc0
0x80000d7c (0xffda6a93) x21 0xfffffffd
0x80000d80 (0x008af8b3) x17 0x0000009d
0x80000d84 (0x012aea93) x21 0xffffffff
0x80000d88 (0xfe2af593) x11 0xffffffe2
0x80000d8c (0x018a8b13) x22 0x00000017
0x80000d90 (0xff266713) x14 0xfffffff3
0x80000d94 (0x41570433) x8  0xfffffff4
0x80000d98 (0x01476ab3) x21 0xfffffff3
0x80000d9c (0x006744b3) x9  0xffffff52
0x80000da0 (0x01e74293) x5  0xffffffed
0x80000da4 (0x01a70b33) x22 0xfffffff2
0x80000da8 (0x00197593) x11 0x00000001
0x80000dac (0x0095cd13) x26 0x00000008
0x80000db0 (0x0263f993) x19 0x00000022
0x80000db4 (0x0029ff93) x31 0x00000002
0x80000db8 (0x00b9fd33) x26 0x00000000
0x80000dbc (0xffb5f413) x8  0x00000001
0x80000dc0 (0xff346b93) x23 0xfffffff3
0x80000dc4 (0x00647fb3) x31 0x00000001
0x80000dc8 (0x00a40f33) x30 0xffffffe9
0x80000dcc (0x001bf313) x6  0x00000001
0x80000dd0 (0xfe537b93) x23 0x00000001
0x80000dd4 (0x01f36f33) x30 0x00000001
0x80000dd8 (0x01030cb3) x25 0x00000020
0x80000ddc (0x01d37613) x12 0x00000001
0x80000de0 (0x025e7693) x13 0x00000001
0x80000de4 (0x0156cc33) x24 0xfffffff2
0x80000de8 (0xfdf6cb93) x23 0xffffffde
0x80000dec (0x0266ca13) x20 0x00000027
0x80000df0 (0x0096f2b3) x5  0x00000000
0x80000df4 (0x40868c33) x24 0x00000000
0x80000df8 (0x018d89b3) x19 0x0000009f
0x80000dfc (0x00c9fd13) x26 0x0000000c
0x80000e00 (0x01c30b33) x22 0x00000092
0x80000e04 (0x01fb4533) x10 0x00000093
0x80000e08 (0x019b7433) x8  0x00000000
0x80000e0c (0x01d48c33) x24 0xffffff71
0x80000e10 (0x00ec7913) x18 0x00000000
0x80000e14 (0xfeac0813) x16 0xffffff5b
0x80000e18 (0x00ac0ab3) x21 0x00000004
0x80000e1c (0x00640933) x18 0x00000001
0x80000e20 (0xff196993) x19 0xfffffff1
0x80000e24 (0x00b96d33) x26 0x00000001
0x80000e28 (0x01c97933) x18 0x00000001
0x80000e2c (0xff497313) x6  0x00000000
0x80000e30 (0x01dd0633) x12 0x00000020
0x80000e34 (0xffc64893) x17 0xffffffdc
0x80000e38 (0x01260813) x16 0x00000032
0x80000e3c (0x40a60d33) x26 0xffffff8d
0x80000e40 (0x01464db3) x27 0x00000007
0x80000e44 (0x41260833) x16 0x0000001f
0x80000e48 (0x006d0633) x12 0xffffff8d
0x80000e4c (0x40cf0533) x10 0x00000074
0x80000e50 (0x01978c33) x24 0x00000044
0x80000e54 (0x018cf7b3) x15 0x00000000
0x80000e58 (0x418a8bb3) x23 0xffffffc0
0x80000e5c (0x00870bb3) x23 0xfffffff3
0x80000e60 (0x01747733) x14 0x00000000
0x80000e64 (0x01740ab3) x21 0xfffffff3
0x80000e68 (0x017478b3) x17 0x00000000
0x80000e6c (0x00740f33) x30 0xfffffffb
0x80000e70 (0x01e44333) x6  0xfffffffb
0x80000e74 (0x01e46633) x12 0xfffffffb
0x80000e78 (0x41e40733) x14 0x00000005
0x80000e7c (0x01e74c33) x24 0xfffffffe
0x80000e80 (0x00ed8b33) x22 0x0000000c
0x80000e84 (0x01676bb3) x23 0x0000000d
0x80000e88 (0x016774b3) x9  0x00000004
0x80000e8c (0x416706b3) x13 0xfffffff9
0x80000e90 (0x416703b3) x7  0xfffffff9
0x80000e94 (0x416685b3) x11 0xffffffed
0x80000e98 (0x41568a33) x20 0x00000006
0x80000e9c (0x00ea46b3) x13 0x00000003
0x80000ea0 (0x419885b3) x11 0xffffffe0
0x80000ea4 (0xfde5ea93) x21 0xfffffffe
0x80000ea8 (0x417584b3) x9  0xffffffd3
0x80000eac (0x41d509b3) x19 0x00000055
0x80000eb0 (0x0189e533) x10 0xffffffff
0x80000eb4 (0x0119e533) x10 0x00000055
0x80000eb8 (0x02698f13) x30 0x0000007b
0x80000ebc (0x41988533) x10 0xffffffe0
0x80000ec0 (0x01e57433) x8  0x00000060
0x80000ec4 (0x007543b3) x7  0x00000019
0x80000ec8 (0x01257bb3) x23 0x00000000
0x80000ecc (0xfe956b13) x22 0xffffffe9
0x80000ed0 (0x419e0a33) x20 0x00000071
0x80000ed4 (0x027a6893) x17 0x00000077
0x80000ed8 (0x006a0d33) x26 0x0000006c
0x80000edc (0x007a7f33) x30 0x00000011
0x80000ee0 (0xfe6a0a13) x20 0x00000057
0x80000ee4 (0x005a4993) x19 0x00000052
0x80000ee8 (0x41ed0b33) x22 0x0000005b
0x80000eec (0x01648533) x10 0x0000002e
0x80000ef0 (0x416287b3) x15 0xffffffa5
0x80000ef4 (0x40fb0933) x18 0x000000b6
0x80000ef8 (0x00fb08b3) x17 0x00000000
0x80000efc (0x41c98ab3) x21 0xffffffc1
0x80000f00 (0x015e4bb3) x23 0xffffff50
0x80000f04 (0x015e4733) x14 0xffffff50
0x80000f08 (0x01598a33) x20 0x00000013
0x80000f0c (0x41060cb3) x25 0xffffffdc
0x80000f10 (0x419f8cb3) x25 0x00000025
0x80000f14 (0x01988eb3) x29 0x00000025
0x80000f18 (0x419885b3) x11 0xffffffdb
0x80000f1c (0x019602b3) x5  0x00000020
0x80000f20 (0x411b0d33) x26 0x0000005b
0x80000f24 (0x01ae79b3) x19 0x00000011
0x80000f28 (0x41a28433) x8  0xffffffc5
0x80000f2c (0x41a98eb3) x29 0xffffffb6
0x80000f30 (0x01a6fa33) x20 0x00000003
0x80000f34 (0x01abe3b3) x7  0xffffff5b
0x80000f38 (0x006acd33) x26 0x0000003a
0x80000f3c (0x010d4513) x10 0x0000002a
0x80000f40 (0x007c4d33) x26 0x000000a5
0x80000f44 (0x013d6933) x18 0x000000b5
0x80000f48 (0x005d4a33) x20 0x00000085
0x80000f4c (0x01074fb3) x31 0xffffff4f
0x80000f50 (0x01ef8933) x18 0xffffff60
0x80000f54 (0x008fea13) x20 0xffffff4f
0x80000f58 (0x018fec33) x24 0xffffffff
0x80000f5c (0x007ac4b3) x9  0x0000009a
0x80000f60 (0x0144c633) x12 0xffffffd5
0x80000f64 (0x00f4e993) x19 0x0000009f
0x80000f68 (0x0054c333) x6  0x000000ba
0x80000f6c (0x00b48833) x16 0x00000075
0x80000f70 (0x011c44b3) x9  0xffffffff
0x80000f74 (0x0114ce33) x28 0xffffffff
0x80000f78 (0x0104e833) x16 0xffffffff
0x80000f7c (0x407485b3) x11 0x000000a4
0x80000f80 (0x00e48db3) x27 0xffffff4f
0x80000f84 (0xffa48493) x9  0xfffffff9
0x80000f88 (0x00abcb33) x22 0xffffff7a
0x80000f8c (0x01650eb3) x29 0xffffffa4
0x80000f90 (0x00dec9b3) x19 0xffffffa7
0x80000f94 (0x0136e933) x18 0xffffffa7
0x80000f98 (0x0136c733) x14 0xffffffa4
0x80000f9c (0x012a4533) x10 0x000000e8
0x80000fa0 (0x00a4e533) x10 0xfffffff9
0x80000fa4 (0x40a48f33) x30 0x00000000
0x80000fa8 (0x00a483b3) x7  0xfffffff2
0x80000fac (0x01cf4b33) x22 0xffffffff
0x80000fb0 (0x01660ab3) x21 0xffffffd4
0x80000fb4 (0x016f8533) x10 0xffffff4e
0x80000fb8 (0x016fc933) x18 0x000000b0
0x80000fbc (0x0163e2b3) x5  0xffffffff
0x80000fc0 (0x00e3c333) x6  0x00000056
0x80000fc4 (0x006f8b33) x22 0xffffffa5
0x80000fc8 (0x406f8c33) x24 0xfffffef9
0x80000fcc (0x00687933) x18 0x00000056
0x80000fd0 (0x0068c5b3) x11 0x00000056
0x80000fd4 (0x0068cbb3) x23 0x00000056
0x80000fd8 (0x018565b3) x11 0xffffffff
0x80000fdc (0x01b5f993) x19 0x0000001b
0x80000fe0 (0x0072ec33) x24 0xffffffff
0x80000fe4 (0x013c6913) x18 0xffffffff
0x80000fe8 (0x00cc0a13) x20 0x0000000b
0x80000fec (0x010d6733) x14 0xffffffff
0x80000ff0 (0x01676613) x12 0xffffffff
0x80000ff4 (0x01a74633) x12 0xffffff5a
0x80000ff8 (0xff774493) x9  0x00000008
0x80000ffc (0x01686533) x10 0xffffffff
0x80001000 (0x01e50d33) x26 0xffffffff
0x80001004 (0x01a56bb3) x23 0xffffffff
0x80001008 (0x01b57333) x6  0xffffff4f
0x8000100c (0x011546b3) x13 0xffffffff
0x80001010 (0x00886933) x18 0xffffffff
0x80001014 (0x01996433) x8  0xffffffff
0x80001018 (0x02594a93) x21 0xffffffda
0x8000101c (0xfe596f93) x31 0xffffffff
0x80001020 (0x00f97533) x10 0xffffffa5
0x80001024 (0x02596c93) x25 0xffffffff
0x80001028 (0x00acea33) x20 0xffffffff
0x8000102c (0x41478ab3) x21 0xffffffa6
0x80001030 (0x01ed68b3) x17 0xffffffff
0x80001034 (0x011f69b3) x19 0xffffffff
0x80001038 (0x011a0cb3) x25 0xfffffffe
0x8000103c (0x014fe733) x14 0xffffffff
0x80001040 (0x00ef06b3) x13 0xffffffff
0x80001044 (0x00ef6e33) x28 0xffffffff
0x80001048 (0x00ed42b3) x5  0x00000000
0x8000104c (0x0053e8b3) x17 0xfffffff2
0x80001050 (0x41128733) x14 0x0000000e
0x80001054 (0x0112c633) x12 0xfffffff2
0x80001058 (0x011a0633) x12 0xfffffff1
0x8000105c (0x01134733) x14 0x000000bd
0x80001060 (0x015365b3) x11 0xffffffef
0x80001064 (0x00bb8a33) x20 0xffffffee
0x80001068 (0x00bd82b3) x5  0xffffff3e
0x8000106c (0x40be05b3) x11 0x00000010
0x80001070 (0x00ba8f33) x30 0xffffffb6
0x80001074 (0x00bac8b3) x17 0xffffffb6
0x80001078 (0x01c5fdb3) x27 0x00000010
0x8000107c (0x40fd8bb3) x23 0x0000006b
0x80001080 (0x01997ab3) x21 0xfffffffe
0x80001084 (0x01bae833) x16 0xfffffffe
0x80001088 (0x00baef93) x31 0xffffffff
0x8000108c (0x00ccfbb3) x23 0xfffffff0
0x80001090 (0xff2bfb13) x22 0xfffffff0
0x80001094 (0xfe6be493) x9  0xfffffff6
0x80001098 (0xff0bcf13) x30 0x00000000
0x8000109c (0x013572b3) x5  0xffffffa5
0x800010a0 (0x01a2f6b3) x13 0xffffffa5
0x800010a4 (0xfe728c93) x25 0xffffff8c
0x800010a8 (0x0062e333) x6  0xffffffef
0x800010ac (0x0242ed13) x26 0xffffffa5
0x800010b0 (0x01c8f633) x12 0xffffffb6
0x800010b4 (0x01160833) x16 0xffffff6c
0x800010b8 (0x02866f13) x30 0xffffffbe
0x800010bc (0x00360693) x13 0xffffffb9
0x800010c0 (0x011668b3) x17 0xffffffb6
0x800010c4 (0x01460533) x10 0xffffffa4
0x800010c8 (0x01f6f3b3) x7  0xffffffb9
0x800010cc (0x007ff933) x18 0xffffffb9
0x800010d0 (0x0173f2b3) x5  0xffffffb0
0x800010d4 (0x0056edb3) x27 0xffffffb9
0x800010d8 (0x405688b3) x17 0x00000009
0x800010dc (0x01847a33) x20 0xffffffff
0x800010e0 (0x014bfa33) x20 0xfffffff0
0x800010e4 (0x01467a33) x20 0xffffffb0
0x800010e8 (0x01467cb3) x25 0xffffffb0
0x800010ec (0x011df533) x10 0x00000009
0x800010f0 (0x00a8c633) x12 0x00000000
0x800010f4 (0x00af0ab3) x21 0xffffffc7
0x800010f8 (0x00ab78b3) x17 0x00000000
0x800010fc (0x00ab46b3) x13 0xfffffff9
0x80001100 (0x01fa7d33) x26 0xffffffb0
0x80001104 (0x41ad04b3) x9  0x00000000
0x80001108 (0x01aeef33) x30 0xffffffb4
0x8000110c (0x01aef7b3) x15 0xffffffa0
0x80001110 (0x01a4f333) x6  0x00000000
0x80001114 (0x01a36933) x18 0xffffffb0
0x80001118 (0xfd990a13) x20 0xffffff89
0x8000111c (0x017a74b3) x9  0xffffff80
0x80001120 (0x01cb8a13) x20 0x0000000c
0x80001124 (0x000a6e93) x29 0x0000000c
0x80001128 (0xff7a7413) x8  0x00000004
0x8000112c (0xfedc0713) x14 0xffffffec
0x80001130 (0x02270593) x11 0x0000000e
0x80001134 (0x01b763b3) x7  0xfffffffd
0x80001138 (0xfe876d13) x26 0xffffffec
0x8000113c (0x00958d93) x27 0x00000017
0x80001140 (0xfe3dc813) x16 0xfffffff4
0x80001144 (0xff4df813) x16 0x00000014
0x80001148 (0x027de713) x14 0x00000037
0x8000114c (0x013d8eb3) x29 0x00000016
0x80001150 (0x02270993) x19 0x00000059
0x80001154 (0x0059f6b3) x13 0x00000010
0x80001158 (0x41398f33) x30 0x00000000
0x8000115c (0x01998333) x6  0x00000009
0x80001160 (0x0159e633) x12 0xffffffdf
0x80001164 (0x00e9e693) x13 0x0000005f
0x80001168 (0xff58cc13) x24 0xfffffff5
0x8000116c (0xfe0c6313) x6  0xfffffff5
0x80001170 (0x00054693) x13 0x00000009
0x80001174 (0x416687b3) x15 0x00000019
0x80001178 (0x00c6efb3) x31 0xffffffdf
0x8000117c (0x00dbc813) x16 0xfffffffd
0x80001180 (0x00980b33) x22 0xffffff7d
0x80001184 (0x00280e93) x29 0xffffffff
0x80001188 (0x02487c13) x24 0x00000024
0x8000118c (0x00d94f93) x31 0xffffffbd
0x80001190 (0x014f8c33) x24 0xffffffc9
0x80001194 (0x000fcf13) x30 0xffffffbd
0x80001198 (0x408f8ab3) x21 0xffffffb9
0x8000119c (0x007ff2b3) x5  0xffffffbd
0x800011a0 (0xff5a4d13) x26 0xfffffff9
0x800011a4 (0xff5d4393) x7  0x0000000c
0x800011a8 (0x00dd78b3) x17 0x00000009
0x800011ac (0xff8d7593) x11 0xfffffff8
0x800011b0 (0x40ed0b33) x22 0xffffffc2
0x800011b4 (0x00cd7893) x17 0x00000008
0x800011b8 (0x001b6f13) x30 0xffffffc3
0x800011bc (0x019f65b3) x11 0xfffffff3
0x800011c0 (0x02196d93) x27 0xffffffb1
0x800011c4 (0x013dff33) x30 0x00000011
0x800011c8 (0xfe6dfd13) x26 0xffffffa0
0x800011cc (0xfe8e6913) x18 0xffffffff
0x800011d0 (0x01790393) x7  0x00000016
0x800011d4 (0xfea94d13) x26 0x00000015
0x800011d8 (0xfdb90413) x8  0xffffffda
0x800011dc (0xfdb66a13) x20 0xffffffdf
0x800011e0 (0x013a4b33) x22 0xffffff86
0x800011e4 (0x01aa4533) x10 0xffffffca
0x800011e8 (0x025a4993) x19 0xfffffffa
0x800011ec (0x00fa7a13) x20 0x0000000f
0x800011f0 (0xfe95ec93) x25 0xfffffffb
0x800011f4 (0x01dc8593) x11 0x00000018
0x800011f8 (0x01bcc8b3) x17 0x0000004a
0x800011fc (0x016cf533) x10 0xffffff82
0x80001200 (0x00ace733) x14 0xfffffffb
0x80001204 (0x00acec13) x24 0xfffffffb
0x80001208 (0x005c7a93) x21 0x00000001
0x8000120c (0xfe4ac593) x11 0xffffffe5
0x80001210 (0x011ff393) x7  0x00000011
0x80001214 (0x41a38fb3) x31 0xfffffffc
0x80001218 (0x01b38933) x18 0xffffffc2
0x8000121c (0xfff7fc93) x25 0x00000019
0x80001220 (0x016ce2b3) x5  0xffffff9f
0x80001224 (0x01bc8933) x18 0xffffffca
0x80001228 (0x021ce913) x18 0x00000039
0x8000122c (0x003fff13) x30 0x00000000
0x80001230 (0x406f0833) x16 0x0000000b
0x80001234 (0x41df0433) x8  0x00000001
0x80001238 (0xfdff4713) x14 0xffffffdf
0x8000123c (0xfe9f0513) x10 0xffffffe9
0x80001240 (0xfef47693) x13 0x00000001
0x80001244 (0x00c6ee33) x28 0xffffffdf
0x80001248 (0x01a6fcb3) x25 0x00000001
0x8000124c (0x0136ea13) x20 0x00000013
0x80001250 (0x01b6efb3) x31 0xffffffb1
0x80001254 (0xfe56fb13) x22 0x00000001
0x80001258 (0x3ce28013)
0x8000125c (0x39230013)
0x80001260 (0x0c838013)
0x80001264 (0x04d40013)
0x80001268 (0x06b48013)
0x8000126c (0xe7e50013)
0x80001270 (0xe1558013)
0x80001274 (0xfd960013)
0x80001278 (0x27c68013)
0x8000127c (0x01d70013)
0x80001280 (0x02f78013)
0x80001284 (0xcff80013)
0x80001288 (0x19288013)
0x8000128c (0x00390013)
0x80001290 (0x3a798013)
0x80001294 (0x261a0013)
0x80001298 (0xdc7a8013)
0x8000129c (0xd45b0013)
0x800012a0 (0x2cbb8013)
0x800012a4 (0x093c0013)
0x800012a8 (0x381c8013)
0x800012ac (0x38cd0013)
0x800012b0 (0xdfad8013)
0x800012b4 (0xc96e0013)
0x800012b8 (0x1e7e8013)
0x800012bc (0x3c3f0013)
0x800012c0 (0x15bf8013)
0x800012c4 (0x00ad07b3) x15 0xfffffffe
0x800012c8 (0x0117f5b3) x11 0x0000004a
0x800012cc (0x019487b3) x15 0xffffff81
0x800012d0 (0xfe57ec13) x24 0xffffffe5
0x800012d4 (0x0187fbb3) x23 0xffffff81
0x800012d8 (0x006389b3) x19 0x00000006
0x800012dc (0x01f9cb33) x22 0xffffffb7
0x800012e0 (0x01d98493) x9  0x00000023
0x800012e4 (0x406983b3) x7  0x00000011
0x800012e8 (0x016c8a33) x20 0xffffffb8
0x800012ec (0xff0a4293) x5  0x00000048
0x800012f0 (0x01ba6733) x14 0xffffffb9
0x800012f4 (0x01da0a13) x20 0xffffffd5
0x800012f8 (0x01ea4a13) x20 0xffffffcb
0x800012fc (0x01f783b3) x7  0xffffff32
0x80001300 (0xff53e393) x7  0xfffffff7
0x80001304 (0x417385b3) x11 0x00000076
0x80001308 (0x41e38c33) x24 0xfffffff7
0x8000130c (0xff23c393) x7  0x00000005
0x80001310 (0x01d3f713) x14 0x00000005
0x80001314 (0x017906b3) x13 0xffffffba
0x80001318 (0x00db8f33) x30 0xffffff3b
0x8000131c (0x01c58db3) x27 0x00000055
0x80001320 (0x01b77833) x16 0x00000005
0x80001324 (0x01b30fb3) x31 0x0000004a
0x80001328 (0x01ec86b3) x13 0xffffff3c
0x8000132c (0x40df0733) x14 0xffffffff
0x80001330 (0x00d473b3) x7  0x00000000
0x80001334 (0x00d47433) x8  0x00000000
0x80001338 (0x007d8eb3) x29 0x00000055
0x8000133c (0x01dfe433) x8  0x0000005f
0x80001340 (0x01dff833) x16 0x00000040
0x80001344 (0x01d87cb3) x25 0x00000040
0x80001348 (0x41d80fb3) x31 0xffffffeb
0x8000134c (0x016e86b3) x13 0x0000000c
0x80001350 (0x00de8433) x8  0x00000061
0x80001354 (0x00dfc333) x6  0xffffffe7
0x80001358 (0x00dfc833) x16 0xffffffe7
0x8000135c (0x00dfcab3) x21 0xffffffe7
0x80001360 (0x00df87b3) x15 0xfffffff7
0x80001364 (0x41b30433) x8  0xffffff92
0x80001368 (0x41040db3) x27 0xffffffab
0x8000136c (0x411c07b3) x15 0xffffffad
0x80001370 (0x0147fd33) x26 0xffffff89
0x80001374 (0x0157f6b3) x13 0xffffffa5
0x80001378 (0x40978bb3) x23 0xffffff8a
0x8000137c (0x008bf893) x17 0x00000008
0x80001380 (0x01bbcdb3) x27 0x00000021
0x80001384 (0x011b8633) x12 0xffffff92
0x80001388 (0x41930eb3) x29 0xffffffa7
0x8000138c (0xff2efe13) x28 0xffffffa2
0x80001390 (0xff1ec593) x11 0x00000056
0x80001394 (0xfebe8d13) x26 0xffffff92
0x80001398 (0x01be89b3) x19 0xffffffc8
0x8000139c (0x416c8e33) x28 0x00000089
0x800013a0 (0x011e7a33) x20 0x00000008
0x800013a4 (0x008e7913) x18 0x00000008
0x800013a8 (0x41ee0933) x18 0x0000014e
0x800013ac (0x406e0cb3) x25 0x000000a2
0x800013b0 (0x00ae7813) x16 0x00000008
0x800013b4 (0x41e782b3) x5  0x00000072
0x800013b8 (0x405f0633) x12 0xfffffec9
0x800013bc (0x408e8b33) x22 0x00000015
0x800013c0 (0x016acfb3) x31 0xfffffff2
0x800013c4 (0x016aceb3) x29 0xfffffff2
0x800013c8 (0x41d80533) x10 0x00000016
0x800013cc (0x00a57cb3) x25 0x00000016
0x800013d0 (0x00ae08b3) x17 0x0000009f
0x800013d4 (0x00a866b3) x13 0x0000001e
0x800013d8 (0x40668bb3) x23 0x00000037
0x800013dc (0x01784e33) x28 0x0000003f
0x800013e0 (0x01786fb3) x31 0x0000003f
0x800013e4 (0x0179c2b3) x5  0xffffffff
0x800013e8 (0x01798db3) x27 0xffffffff
0x800013ec (0x411c07b3) x15 0xffffff58
0x800013f0 (0x00fb7633) x12 0x00000010
0x800013f4 (0x00fb0db3) x27 0xffffff6d
0x800013f8 (0x00fb47b3) x15 0xffffff4d
0x800013fc (0x40fb09b3) x19 0x000000c8
0x80001400 (0x00fb6eb3) x29 0xffffff5d
0x80001404 (0x009f4733) x14 0xffffff18
0x80001408 (0x01e708b3) x17 0xfffffe53
0x8000140c (0x0078cf33) x30 0xfffffe53
0x80001410 (0x409f0cb3) x25 0xfffffe30
0x80001414 (0x011f6833) x16 0xfffffe53
0x80001418 (0x0136c333) x6  0x000000d6
0x8000141c (0xfe230c13) x24 0x000000b8
0x80001420 (0x00734b33) x22 0x000000d6
0x80001424 (0x01034993) x19 0x000000c6
0x80001428 (0x0187cab3) x21 0xfffffff5
0x8000142c (0x01eae2b3) x5  0xfffffff7
0x80001430 (0x017aed33) x26 0xfffffff7
0x80001434 (0x023afa93) x21 0x00000021
0x80001438 (0x017a8a13) x20 0x00000038
0x8000143c (0x0069cf33) x30 0x00000010
0x80001440 (0x014f4f33) x30 0x00000028
0x80001444 (0x016f0b13) x22 0x0000003e
0x80001448 (0x40ef09b3) x19 0x00000110
0x8000144c (0x013f7333) x6  0x00000000
0x80001450 (0x40af0d33) x26 0x00000012
0x80001454 (0x00ecce33) x28 0x00000128
0x80001458 (0x01c744b3) x9  0xfffffe30
0x8000145c (0x01bd4333) x6  0xffffff7f
0x80001460 (0x00638533) x10 0xffffff7f
0x80001464 (0x006c0d33) x26 0x00000037
0x80001468 (0x01aa4733) x14 0x0000000f
0x8000146c (0x00ef47b3) x15 0x00000027
0x80001470 (0x00ef62b3) x5  0x0000002f
0x80001474 (0x40ef04b3) x9  0x00000019
0x80001478 (0x00bc4db3) x27 0x000000ee
0x8000147c (0x01b3f933) x18 0x00000000
0x80001480 (0x01b88533) x10 0xffffff41
0x80001484 (0x01b37ab3) x21 0x0000006e
0x80001488 (0x01b30533) x10 0x0000006d
0x8000148c (0x00cd4ab3) x21 0x00000027
0x80001490 (0x015647b3) x15 0x00000037
0x80001494 (0x015c7533) x10 0x00000020
0x80001498 (0x01540c33) x24 0xffffffb9
0x8000149c (0x01544b33) x22 0xffffffb5
0x800014a0 (0x0155fcb3) x25 0x00000006
0x800014a4 (0x013ee2b3) x5  0xffffff5d
0x800014a8 (0xfde28b13) x22 0xffffff3b
0x800014ac (0x00a96a33) x20 0x00000020
0x800014b0 (0x012a08b3) x17 0x00000020
0x800014b4 (0x413a0eb3) x29 0xffffff10
0x800014b8 (0x01796733) x14 0x00000037
0x800014bc (0x00177793) x15 0x00000001
0x800014c0 (0xfe077813) x16 0x00000020
0x800014c4 (0x405704b3) x9  0x000000da
0x800014c8 (0x00996633) x12 0x000000da
0x800014cc (0x00e66fb3) x31 0x000000ff
0x800014d0 (0x01860733) x14 0x00000093
0x800014d4 (0x41560e33) x28 0x000000b3
0x800014d8 (0x00c672b3) x5  0x000000da
0x800014dc (0x006ee533) x10 0xffffff7f
0x800014e0 (0x41750433) x8  0xffffff48
0x800014e4 (0xff456a93) x21 0xffffffff
0x800014e8 (0x01454433) x8  0xffffff5f
0x800014ec (0x02856313) x6  0xffffff7f
0x800014f0 (0x00956b93) x23 0xffffff7f
0x800014f4 (0x013f6ab3) x21 0x00000138
0x800014f8 (0x0152e8b3) x17 0x000001fa
0x800014fc (0x00c46333) x6  0xffffffdf
0x80001500 (0x006df2b3) x5  0x000000ce
0x80001504 (0x406a0533) x10 0x00000041
0x80001508 (0x01b4ebb3) x23 0x000000fe
0x8000150c (0x0175c733) x14 0x000000a8
0x80001510 (0x0173c333) x6  0x000000fe
0x80001514 (0x417385b3) x11 0xffffff02
0x80001518 (0x01c6e8b3) x17 0x000000bf
0x8000151c (0x01188bb3) x23 0x0000017e
0x80001520 (0x011c4433) x8  0xffffff06
0x80001524 (0x011fc3b3) x7  0x00000040
0x80001528 (0x0119e8b3) x17 0x000001bf
0x8000152c (0x01d7ed33) x26 0xffffff11
0x80001530 (0x01ae8ab3) x21 0xfffffe21
0x80001534 (0x41a48b33) x22 0x000001c9
0x80001538 (0x01a5f833) x16 0xffffff00
0x8000153c (0x01a4e533) x10 0xffffffdb
0x80001540 (0x01ae8933) x18 0xfffffe21
0x80001544 (0x009ff833) x16 0x000000da
0x80001548 (0x00d872b3) x5  0x0000001a
0x8000154c (0x00cdfeb3) x29 0x000000ca
0x80001550 (0x01ee8793) x15 0x000000e8
0x80001554 (0xffae8413) x8  0x000000c4
0x80001558 (0x01f87eb3) x29 0x000000da
0x8000155c (0xff5ec513) x10 0xffffff2f
0x80001560 (0xfdfec693) x13 0xffffff05
0x80001564 (0xfeeecc13) x24 0xffffff34
0x80001568 (0x00ea7333) x6  0x00000020
0x8000156c (0x01736d33) x26 0x0000017e
0x80001570 (0xff936e93) x29 0xfffffff9
0x80001574 (0x018348b3) x17 0xffffff14
0x80001578 (0x011306b3) x13 0xffffff34
0x8000157c (0x0079fd33) x26 0x00000000
0x80001580 (0x00dd6c33) x24 0xffffff34
0x80001584 (0xfd8d6c93) x25 0xffffffd8
0x80001588 (0x027d4493) x9  0x00000027
0x8000158c (0xfddd7b13) x22 0x00000000
0x80001590 (0x020d4b13) x22 0x00000020
0x80001594 (0x017a77b3) x15 0x00000020
0x80001598 (0x00fb6a33) x20 0x00000020
0x8000159c (0x01d57733) x14 0xffffff29
0x800015a0 (0x00eeecb3) x25 0xfffffff9
0x800015a4 (0x00eefd33) x26 0xffffff29
0x800015a8 (0x00edfbb3) x23 0x00000028
0x800015ac (0x41748e33) x28 0xffffffff
0x800015b0 (0x017f4fb3) x31 0x00000000
0x800015b4 (0x417c8ab3) x21 0xffffffd1
0x800015b8 (0x0133f5b3) x11 0x00000000
0x800015bc (0x40b285b3) x11 0x0000001a
0x800015c0 (0x00b283b3) x7  0x00000034
0x800015c4 (0x40b505b3) x11 0xffffff15
0x800015c8 (0x00b54db3) x27 0x0000003a
0x800015cc (0x00fc79b3) x19 0x00000020
0x800015d0 (0x0137c833) x16 0x00000000
0x800015d4 (0x01358933) x18 0xffffff35
0x800015d8 (0x0135ebb3) x23 0xffffff35
0x800015dc (0x0135fab3) x21 0x00000000
0x800015e0 (0x41358533) x10 0xfffffef5
0x800015e4 (0x025e8913) x18 0x0000001e
0x800015e8 (0x01496393) x7  0x0000001e
0x800015ec (0x02798393) x7  0x00000047
0x800015f0 (0x41b386b3) x13 0x0000000d
0x800015f4 (0xfe43e813) x16 0xffffffe7
0x800015f8 (0x016f8393) x7  0x00000016
0x800015fc (0x01d38813) x16 0x00000033
0x80001600 (0x00d3c433) x8  0x0000001b
0x80001604 (0xfe93fa93) x21 0x00000000
0x80001608 (0x02350c93) x25 0xffffff18
0x8000160c (0xfdacca93) x21 0x000000c2
0x80001610 (0x01ccf333) x6  0xffffff18
0x80001614 (0x024ce713) x14 0xffffff3c
0x80001618 (0xff3cc793) x15 0x000000eb
0x8000161c (0xfe840613) x12 0x00000003
0x80001620 (0x01764593) x11 0x00000014
0x80001624 (0x01d60b33) x22 0xfffffffc
0x80001628 (0x01c66c93) x25 0x0000001f
0x8000162c (0x01f64813) x16 0x0000001c
0x80001630 (0x41d603b3) x7  0x0000000a
0x80001634 (0x00344e93) x29 0x00000018
0x80001638 (0x013ef5b3) x11 0x00000000
0x8000163c (0xffd8c493) x9  0x000000e9
0x80001640 (0xfef48b13) x22 0x000000d8
0x80001644 (0x02648693) x13 0x0000010f
0x80001648 (0xfe394f13) x30 0xfffffffd
0x8000164c (0x006f4413) x8  0xfffffffb
0x80001650 (0x01ff68b3) x17 0xfffffffd
0x80001654 (0x01ef72b3) x5  0xfffffffd
0x80001658 (0x021f4a93) x21 0xffffffdc
0x8000165c (0x01eaea33) x20 0xfffffffd
0x80001660 (0x018ac533) x10 0x000000e8
0x80001664 (0xfe0aeb93) x23 0xfffffffc
0x80001668 (0x40ea82b3) x5  0x000000a0
0x8000166c (0x020d4a13) x20 0xffffff09
0x80001670 (0x017a4fb3) x31 0x000000f5
0x80001674 (0x019a7833) x16 0x00000009
0x80001678 (0x005a09b3) x19 0xffffffa9
0x8000167c (0x010a0393) x7  0xffffff19
0x80001680 (0x409a0ab3) x21 0xfffffe20
0x80001684 (0x026ce793) x15 0x0000003f
0x80001688 (0x0067ceb3) x29 0xffffff27
0x8000168c (0xff586793) x15 0xfffffffd
0x80001690 (0x01778313) x6  0x00000014
0x80001694 (0x00d7ecb3) x25 0xffffffff
0x80001698 (0x00a6e913) x18 0x0000010f
0x8000169c (0x01b90333) x6  0x00000149
0x800016a0 (0x010969b3) x19 0x0000010f
0x800016a4 (0xfd990e13) x28 0x000000e8
0x800016a8 (0x028b6c13) x24 0x000000f8
0x800016ac (0x000c7613) x12 0x00000000
0x800016b0 (0x018c4d93) x27 0x000000e0
0x800016b4 (0xfe3c6c13) x24 0xfffffffb
0x800016b8 (0x015c7913) x18 0x00000011
0x800016bc (0x00aeec13) x24 0xffffff2f
0x800016c0 (0x007c4333) x6  0x00000036
0x800016c4 (0xfdcc0313) x6  0xffffff0b
0x800016c8 (0x011c7893) x17 0x00000001
0x800016cc (0x416c07b3) x15 0xfffffe57
0x800016d0 (0x406c0733) x14 0x00000024
0x800016d4 (0x02767e93) x29 0x00000000
0x800016d8 (0xfdaecb13) x22 0xffffffda
0x800016dc (0x00937c93) x25 0x00000009
0x800016e0 (0x011cf2b3) x5  0x00000001
0x800016e4 (0xffdcf613) x12 0x00000009
0x800016e8 (0xfda7f813) x16 0xfffffe52
0x800016ec (0x00387e13) x28 0x00000002
0x800016f0 (0x41180b33) x22 0xfffffe51
0x800016f4 (0x01987cb3) x25 0x00000000
0x800016f8 (0xff7ff813) x16 0x000000f5
0x800016fc (0x01687ab3) x21 0x00000051
0x80001700 (0x01387733) x14 0x00000005
0x80001704 (0x02487513) x10 0x00000024
0x80001708 (0x01d80913) x18 0x00000112
0x8000170c (0xff757313) x6  0x00000024
0x80001710 (0x00736cb3) x25 0xffffff3d
0x80001714 (0x01f37693) x13 0x00000004
0x80001718 (0x41530933) x18 0xffffffd3
0x8000171c (0x01f34b93) x23 0x0000003b
0x80001720 (0x41430e33) x28 0x0000011b
0x80001724 (0x015f07b3) x15 0x0000004e
0x80001728 (0x00f78633) x12 0x0000009c
0x8000172c (0x00bd8eb3) x29 0x000000e0
0x80001730 (0x00aec5b3) x11 0x000000c4
0x80001734 (0x416e8933) x18 0x0000028f
0x80001738 (0x005309b3) x19 0x00000025
0x8000173c (0x0069c333) x6  0x00000001
0x80001740 (0xff398f93) x31 0x00000018
0x80001744 (0x010989b3) x19 0x0000011a
0x80001748 (0x00ff0833) x16 0x0000004b
0x8000174c (0x411807b3) x15 0x0000004a
0x80001750 (0xfef87293) x5  0x0000004b
0x80001754 (0x41480eb3) x29 0x00000142
0x80001758 (0x01486733) x14 0xffffff4b
0x8000175c (0x01f30733) x14 0x00000019
0x80001760 (0x00477b93) x23 0x00000000
0x80001764 (0x011702b3) x5  0x0000001a
0x80001768 (0xfee70f13) x30 0x00000007
0x8000176c (0x00674f93) x31 0x0000001f
0x80001770 (0x01677bb3) x23 0x00000011
0x80001774 (0x009f06b3) x13 0x000000f0
0x80001778 (0x00d4ec33) x24 0x000000f9
0x8000177c (0x00958c33) x24 0x000001ad
0x80001780 (0x018483b3) x7  0x00000296
0x80001784 (0x418e0933) x18 0xffffff6e
0x80001788 (0x007d04b3) x9  0x000001bf
0x8000178c (0x0092c833) x16 0x000001a5
0x80001790 (0x409382b3) x5  0x000000d7
0x80001794 (0x009704b3) x9  0x000001d8
0x80001798 (0x014d06b3) x13 0xfffffe32
0x8000179c (0x00da7433) x8  0xfffffe00
0x800017a0 (0x00da77b3) x15 0xfffffe00
0x800017a4 (0x00d57fb3) x31 0x00000020
0x800017a8 (0x00dd6b33) x22 0xffffff3b
0x800017ac (0x01938c33) x24 0x000001d3
0x800017b0 (0x41868e33) x28 0xfffffc5f
0x800017b4 (0x418782b3) x5  0xfffffc2d
0x800017b8 (0x0187f533) x10 0x00000000
0x800017bc (0x0187eab3) x21 0xffffffd3
0x800017c0 (0x418787b3) x15 0xfffffc2d
0x800017c4 (0x414a88b3) x17 0x000000ca
0x800017c8 (0xfe788e13) x28 0x000000b1
0x800017cc (0x41ed0933) x18 0xffffff22
0x800017d0 (0x01296d33) x26 0xffffff22
0x800017d4 (0x00694c33) x24 0xffffff23
0x800017d8 (0x416a0c33) x24 0xffffffce
0x800017dc (0xfddc6f93) x31 0xffffffdf
0x800017e0 (0xfecc6813) x16 0xffffffee
0x800017e4 (0x016c74b3) x9  0xffffff0a
0x800017e8 (0x41c308b3) x17 0xffffff50
0x800017ec (0x00988433) x8  0xfffffe5a
0x800017f0 (0x02188313) x6  0xffffff71
0x800017f4 (0x01788db3) x27 0xffffff61
0x800017f8 (0x41a88933) x18 0x0000002e
0x800017fc (0x41f30c33) x24 0xffffff92
0x80001800 (0xffbc7693) x13 0xffffff92
0x80001804 (0x005c0533) x10 0xfffffbbf
0x80001808 (0xfebc6e93) x29 0xfffffffb
0x8000180c (0x417c0cb3) x25 0xffffff81
0x80001810 (0x00ac0333) x6  0xfffffb51
0x80001814 (0x40ce06b3) x13 0x00000015
0x80001818 (0x00d60633) x12 0x000000b1
0x8000181c (0x41ae09b3) x19 0x0000018f
0x80001820 (0x413f83b3) x7  0xfffffe50
0x80001824 (0x013e8933) x18 0x0000018a
0x80001828 (0x41bb8433) x8  0x000000b0
0x8000182c (0x008f82b3) x5  0x0000008f
0x80001830 (0x008fc933) x18 0xffffff6f
0x80001834 (0x00894333) x6  0xffffffdf
0x80001838 (0x40598db3) x27 0x00000100
0x8000183c (0x01b64b33) x22 0x000001b1
0x80001840 (0x01beeb33) x22 0xfffffffb
0x80001844 (0x01bd64b3) x9  0xffffff22
0x80001848 (0x01b87733) x14 0x00000100
0x8000184c (0x407587b3) x15 0x00000274
0x80001850 (0x00f38bb3) x23 0x000000c4
0x80001854 (0x00fbc6b3) x13 0x000002b0
0x80001858 (0x00ff7db3) x27 0x00000004
0x8000185c (0x40ff0833) x16 0xfffffd93
0x80001860 (0x00ff7bb3) x23 0x00000004
0x80001864 (0x01a646b3) x13 0xffffff93
0x80001868 (0x0106e533) x10 0xffffff93
0x8000186c (0x018cc533) x10 0x00000013
0x80001870 (0x01b50a13) x20 0x0000002e
0x80001874 (0x01d57f33) x30 0x00000013
0x80001878 (0x01e5cbb3) x23 0x000000d7
0x8000187c (0xff1bf313) x6  0x000000d1
0x80001880 (0x01fbe533) x10 0xffffffdf
0x80001884 (0x01ebe9b3) x19 0x000000d7
0x80001888 (0x00de44b3) x9  0xffffff22
0x8000188c (0x407487b3) x15 0x000000d2
0x80001890 (0xfea48d93) x27 0xffffff0c
0x80001894 (0x40a48533) x10 0xffffff43
0x80001898 (0x41b48c33) x24 0x00000016
0x8000189c (0x01b8ca33) x20 0x0000005c
0x800018a0 (0x00aa6633) x12 0xffffff5f
0x800018a4 (0x017a69b3) x19 0x000000df
0x800018a8 (0x01ba4e93) x29 0x00000047
0x800018ac (0x015a0d33) x26 0x0000002f
0x800018b0 (0x412a06b3) x13 0x000000ed
0x800018b4 (0x0084cfb3) x31 0xffffff92
0x800018b8 (0x01fa6e33) x28 0xffffffde
0x800018bc (0x01f44f33) x30 0xffffff22
0x800018c0 (0x01e8c4b3) x9  0x00000072
0x800018c4 (0x41e60c33) x24 0x0000003d
0x800018c8 (0x0156cb33) x22 0xffffff3e
0x800018cc (0x016af3b3) x7  0xffffff12
0x800018d0 (0x016a7733) x14 0x0000001c
0x800018d4 (0x01698eb3) x29 0x0000001d
0x800018d8 (0x007c4fb3) x31 0xffffff2f
0x800018dc (0x01fcfcb3) x25 0xffffff01
0x800018e0 (0x41fe0b33) x22 0x000000af
0x800018e4 (0x01f5f9b3) x19 0x00000004
0x800018e8 (0x01f38bb3) x23 0xfffffe41
0x800018ec (0x00efc7b3) x15 0xffffff33
0x800018f0 (0x40fe8933) x18 0x000000ea
0x800018f4 (0x00ff4333) x6  0x00000011
0x800018f8 (0x40f58833) x16 0x00000191
0x800018fc (0x00f90633) x12 0x0000001d
0x80001900 (0x00f964b3) x9  0xfffffffb
0x80001904 (0x00fee533) x10 0xffffff3f
0x80001908 (0x41a50433) x8  0xffffff10
0x8000190c (0x01ed62b3) x5  0xffffff2f
0x80001910 (0x41428933) x18 0xfffffed3
0x80001914 (0x0182eb93) x23 0xffffff3f
0x80001918 (0x00dc6fb3) x31 0x000000fd
0x8000191c (0x00dfe633) x12 0x000000fd
0x80001920 (0x017fff33) x30 0x0000003d
0x80001924 (0x00aff333) x6  0x0000003d
0x80001928 (0x01ed6ab3) x21 0x0000003f
0x8000192c (0x022a8e13) x28 0x00000061
0x80001930 (0x01cac733) x14 0x0000005e
0x80001934 (0x40da8ab3) x21 0xffffff52
0x80001938 (0x020ace93) x29 0xffffff72
0x8000193c (0x018de7b3) x15 0xffffff3d
0x80001940 (0x00e7c8b3) x17 0xffffff63
0x80001944 (0x419783b3) x7  0x0000003c
0x80001948 (0x41a78ab3) x21 0xffffff0e
0x8000194c (0x418789b3) x19 0xffffff00
0x80001950 (0x40c788b3) x17 0xfffffe40
0x80001954 (0x012ae3b3) x7  0xffffffdf
0x80001958 (0x007ecbb3) x23 0x000000ad
0x8000195c (0x01a5e633) x12 0x000000ef
0x80001960 (0x00c54a33) x20 0xffffffd0
0x80001964 (0x40c50933) x18 0xfffffe50
0x80001968 (0x01d5ea33) x20 0xfffffff6
0x8000196c (0x014cf2b3) x5  0xffffff00
0x80001970 (0x014cc633) x12 0x000000f7
0x80001974 (0x014cf733) x14 0xffffff00
0x80001978 (0x010669b3) x19 0x000001f7
0x8000197c (0x013878b3) x17 0x00000191
0x80001980 (0x0137e633) x12 0xffffffff
0x80001984 (0x0137ec33) x24 0xffffffff
0x80001988 (0x013ae933) x18 0xffffffff
0x8000198c (0x0167ed33) x26 0xffffffbf
0x80001990 (0x01af0633) x12 0xfffffffc
0x80001994 (0x41af0bb3) x23 0x0000007e
0x80001998 (0x01af03b3) x7  0xfffffffc
0x8000199c (0x01a9eb33) x22 0xffffffff
0x800019a0 (0x41ab0433) x8  0x00000040
0x800019a4 (0x01737d33) x26 0x0000003c
0x800019a8 (0x014d0e13) x28 0x00000050
0x800019ac (0x00b57fb3) x31 0x00000004
0x800019b0 (0x013f8ab3) x21 0x000001fb
0x800019b4 (0xfd8f8f13) x30 0xffffffdc
0x800019b8 (0x00ccf5b3) x11 0xffffff00
0x800019bc (0x01c5fa13) x20 0x00000000
0x800019c0 (0xfef5e513) x10 0xffffffef
0x800019c4 (0x0105e633) x12 0xffffff91
0x800019c8 (0x01b7f3b3) x7  0xffffff0c
0x800019cc (0xff83cc13) x24 0x000000f4
0x800019d0 (0x0143e713) x14 0xffffff1c
0x800019d4 (0x00f3e3b3) x7  0xffffff3d
0x800019d8 (0xfec3ef93) x31 0xfffffffd
0x800019dc (0x01aefc33) x24 0x00000030
0x800019e0 (0x00dc4f93) x31 0x0000003d
0x800019e4 (0xff6c7393) x7  0x00000030
0x800019e8 (0x011c6ab3) x21 0x000001b1
0x800019ec (0x41ec03b3) x7  0x00000054
0x800019f0 (0x01ec4bb3) x23 0xffffffec
0x800019f4 (0x012d7e33) x28 0x0000003c
0x800019f8 (0x01cb4933) x18 0xffffffc3
0x800019fc (0x00f2f533) x10 0xffffff00
0x80001a00 (0x00a6f633) x12 0x00000000
0x80001a04 (0x00a6f533) x10 0x00000000
0x80001a08 (0x01567c33) x24 0x00000000
0x80001a0c (0x018ae9b3) x19 0x000001b1
0x80001a10 (0x018a8833) x16 0x000001b1
0x80001a14 (0x018e4533) x10 0x0000003c
0x80001a18 (0x00837fb3) x31 0x00000000
0x80001a1c (0x01f47d33) x26 0x00000000
0x80001a20 (0x01f47cb3) x25 0x00000000
0x80001a24 (0x01fac8b3) x17 0x000001b1
0x80001a28 (0x41f30ab3) x21 0x0000003d
0x80001a2c (0x01c3f9b3) x19 0x00000014
0x80001a30 (0x013dcbb3) x23 0xffffff18
0x80001a34 (0x013a44b3) x9  0x00000014
0x80001a38 (0x013a7c33) x24 0x00000000
0x80001a3c (0x013a02b3) x5  0x00000014
0x80001a40 (0x013a7ab3) x21 0x00000000
0x80001a44 (0xffdd0493) x9  0xfffffffd
0x80001a48 (0x0254e693) x13 0xfffffffd
0x80001a4c (0xff4e8c13) x24 0xffffff66
0x80001a50 (0x01ec4533) x10 0x000000ba
0x80001a54 (0x01ec7b33) x22 0xffffff44
0x80001a58 (0x00570b93) x23 0xffffff21
0x80001a5c (0xff7be793) x15 0xfffffff7
0x80001a60 (0x01cbe6b3) x13 0xffffff3d
0x80001a64 (0x012b8633) x12 0xfffffee4
0x80001a68 (0xff970393) x7  0xffffff15
0x80001a6c (0x0253f693) x13 0x00000005
0x80001a70 (0x0063f293) x5  0x00000004
0x80001a74 (0x41b387b3) x15 0x00000009
0x80001a78 (0x0173ec93) x25 0xffffff17
0x80001a7c (0xfdb58913) x18 0xfffffedb
0x80001a80 (0x00e94b13) x22 0xfffffed5
0x80001a84 (0x00697a33) x20 0x00000019
0x80001a88 (0x00794f93) x31 0xfffffedc
0x80001a8c (0x41e90db3) x27 0xfffffeff
0x80001a90 (0x018975b3) x11 0xfffffe42
0x80001a94 (0x017e4a13) x20 0x0000002b
0x80001a98 (0x025a4c93) x25 0x0000000e
0x80001a9c (0xfead4513) x10 0xffffffea
0x80001aa0 (0x01856b33) x22 0xffffffee
0x80001aa4 (0x01b573b3) x7  0xfffffeea
0x80001aa8 (0x00854e13) x28 0xffffffe2
0x80001aac (0x01de0cb3) x25 0xffffff54
0x80001ab0 (0xff3e4313) x6  0x00000011
0x80001ab4 (0xfede7f13) x30 0xffffffe0
0x80001ab8 (0xff2d4f13) x30 0xfffffff2
0x80001abc (0x015f7ab3) x21 0x00000000
0x80001ac0 (0x01df6633) x12 0xfffffff2
0x80001ac4 (0x002f7c13) x24 0x00000002
0x80001ac8 (0x00df4cb3) x25 0xfffffff7
0x80001acc (0x01d5cf13) x30 0xfffffe5f
0x80001ad0 (0xfe2f4313) x6  0x000001bd
0x80001ad4 (0x40bf04b3) x9  0x0000001d
0x80001ad8 (0x414f06b3) x13 0xfffffe34
0x80001adc (0xffef4e93) x29 0x000001a1
0x80001ae0 (0x00df7bb3) x23 0xfffffe14
0x80001ae4 (0xff08e413) x8  0xfffffff1
0x80001ae8 (0x018402b3) x5  0xfffffff3
0x80001aec (0x01e56593) x11 0xfffffffe
0x80001af0 (0x0075fb33) x22 0xfffffeea
0x80001af4 (0x01a58f93) x31 0x00000018
0x80001af8 (0xffb6ed13) x26 0xffffffff
0x80001afc (0x015d44b3) x9  0xffffffff
0x80001b00 (0x01dd66b3) x13 0xffffffff
0x80001b04 (0x006d67b3) x15 0xffffffff
0x80001b08 (0x00a9e413) x8  0x0000001e
0x80001b0c (0x01946cb3) x25 0xffffffff
0x80001b10 (0xfe747493) x9  0x00000006
0x80001b14 (0x01347933) x18 0x00000014
0x80001b18 (0x02440693) x13 0x00000042
0x80001b1c (0xfde9ec13) x24 0xffffffde
0x80001b20 (0x018c0cb3) x25 0xffffffbc
0x80001b24 (0x018c4633) x12 0x00000000
0x80001b28 (0x001c6e93) x29 0xffffffdf
0x80001b2c (0x00dc0b13) x22 0xffffffeb
0x80001b30 (0x405c0333) x6  0xffffffeb
0x80001b34 (0xfd84f313) x6  0x00000000
0x80001b38 (0x00737d33) x26 0x00000000
0x80001b3c (0x01b47293) x5  0x0000001a
0x80001b40 (0xff328793) x15 0x0000000d
0x80001b44 (0x0082edb3) x27 0x0000001e
0x80001b48 (0xfdba7b93) x23 0x0000000b
0x80001b4c (0x00bbea93) x21 0x0000000b
0x80001b50 (0x017b8b33) x22 0x00000016
0x80001b54 (0x01abceb3) x29 0x0000000b
0x80001b58 (0xfe657893) x17 0xffffffe2
0x80001b5c (0x00f8c933) x18 0xffffffef
0x80001b60 (0xfe288f13) x30 0xffffffc4
0x80001b64 (0x00c8f3b3) x7  0x00000000
0x80001b68 (0xfe48cf13) x30 0x00000006
0x80001b6c (0x01177b13) x22 0x00000010
0x80001b70 (0x009b65b3) x11 0x00000016
0x80001b74 (0x010b7613) x12 0x00000010
0x80001b78 (0x416b02b3) x5  0x00000000
0x80001b7c (0x01ab6833) x16 0x00000010
0x80001b80 (0x41fb03b3) x7  0xfffffff8
0x80001b84 (0x00400293) x5  0x00000004
0x80001b88 (0x00500863)
0x80001b8c (0xfff28293) x5  0x00000003
0x80001b90 (0x00000013)
0x80001b94 (0xff5ff06f)
0x80001b88 (0x00500863)
0x80001b8c (0xfff28293) x5  0x00000002
0x80001b90 (0x00000013)
0x80001b94 (0xff5ff06f)
0x80001b88 (0x00500863)
0x80001b8c (0xfff28293) x5  0x00000001
0x80001b90 (0x00000013)
0x80001b94 (0xff5ff06f)
0x80001b88 (0x00500863)
0x80001b8c (0xfff28293) x5  0x00000000
0x80001b90 (0x00000013)
0x80001b94 (0xff5ff06f)
0x80001b88 (0x00500863)
0x80001b98 (0x00100093) x1  0x00000001
0x80001b9c (0x00200113) x2  0x00000002
0x80001ba0 (0x00300193) x3  0x00000003
0x80001ba4 (0x00400213) x4  0x00000004
0x80001ba8 (0x00500293) x5  0x00000005
0x80001bac (0x00600313) x6  0x00000006
0x80001bb0 (0x00700393) x7  0x00000007
0x80001bb4 (0x00800413) x8  0x00000008
0x80001bb8 (0x00900493) x9  0x00000009
0x80001bbc (0x00a00513) x10 0x0000000a
0x80001bc0 (0x00b00593) x11 0x0000000b
0x80001bc4 (0x00c00613) x12 0x0000000c
0x80001bc8 (0x00d00693) x13 0x0000000d
0x80001bcc (0x00e00713) x14 0x0000000e
0x80001bd0 (0x00f00793) x15 0x0000000f
0x80001bd4 (0x01000813) x16 0x00000010
0x80001bd8 (0x01100893) x17 0x00000011
0x80001bdc (0x01200913) x18 0x00000012
0x80001be0 (0x01300993) x19 0x00000013
0x80001be4 (0x01400a13) x20 0x00000014
0x80001be8 (0x01500a93) x21 0x00000015
0x80001bec (0x01600b13) x22 0x00000016
0x80001bf0 (0x01700b93) x23 0x00000017
0x80001bf4 (0x01800c13) x24 0x00000018
0x80001bf8 (0x01900c93) x25 0x00000019
0x80001bfc (0x01a00d13) x26 0x0000001a
0x80001c00 (0x01b00d93) x27 0x0000001b
0x80001c04 (0x01c00e13) x28 0x0000001c
0x80001c08 (0x01d00e93) x29 0x0000001d
0x80001c0c (0x01e00f13) x30 0x0000001e
0x80001c10 (0x01f00f93) x31 0x0000001f
0x80001c14 (0x011e0b93) x23 0x0000002d
0x80001c18 (0x01cbfc33) x24 0x0000000c
0x80001c1c (0x017b63b3) x7  0x0000003f
0x80001c20 (0x412b89b3) x19 0x0000001b
0x80001c24 (0x00400093) x1  0x00000004
0x80001c28 (0xfff00113) x2  0xffffffff
0x80001c2c (0x00200193) x3  0x00000002
0x80001c30 (0x0020a213) x4  0x00000000
0x80001c34 (0x00112213) x4  0x00000001
0x80001c38 (0x0020b213) x4  0x00000000
0x80001c3c (0x00113213) x4  0x00000000
0x80001c40 (0x0070c213) x4  0x00000003
0x80001c44 (0x0010c213) x4  0x00000005
0x80001c48 (0x0070e213) x4  0x00000007
0x80001c4c (0x0010e213) x4  0x00000005
0x80001c50 (0x0070f213) x4  0x00000004
0x80001c54 (0x0010f213) x4  0x00000000
0x80001c58 (0x00309213) x4  0x00000020
0x80001c5c (0x00385213) x4  0x00000002
0x80001c60 (0x4048d213) x4  0x00000001
0x80001c64 (0x001102b3) x5  0x00000003
0x80001c68 (0x402082b3) x5  0x00000005
0x80001c6c (0x003092b3) x5  0x00000010
0x80001c70 (0x0020a2b3) x5  0x00000000
0x80001c74 (0x001122b3) x5  0x00000001
0x80001c78 (0x0020b2b3) x5  0x00000001
0x80001c7c (0x001132b3) x5  0x00000000
0x80001c80 (0x0020c2b3) x5  0xfffffffb
0x80001c84 (0x0032d2b3) x5  0x3ffffffe
0x80001c88 (0x4032d2b3) x5  0x0fffffff
0x80001c8c (0x0020e2b3) x5  0xffffffff
0x80001c90 (0x0020f2b3) x5  0x00000004
0x80001c94 (0x00000397) x7  0x80001c94
0x80001c98 (0x010000ef) x1  0x80001c9c
0x80001ca8 (0x01700093) x1  0x00000017
0x80001cac (0xfe600113) x2  0xffffffe6
0x80001cb0 (0x03100193) x3  0x00000031
0x80001cb4 (0x0100046f) x8  0x80001cb8
0x80001cc4 (0x00b00093) x1  0x0000000b
0x80001cc8 (0xff400113) x2  0xfffffff4
0x80001ccc (0xff300193) x3  0xfffffff3
0x80001cd0 (0x00400093) x1  0x00000004
0x80001cd4 (0xfff00113) x2  0xffffffff
0x80001cd8 (0x00200193) x3  0x00000002
0x80001cdc (0x001100b3) x1  0x00000003
0x80001ce0 (0x40208233) x4  0x00000004
0x80001ce4 (0x003092b3) x5  0x0000000c
0x80001ce8 (0x0020a333) x6  0x00000000
0x80001cec (0x001123b3) x7  0x00000001
0x80001cf0 (0x0020b433) x8  0x00000001
0x80001cf4 (0x001134b3) x9  0x00000000
0x80001cf8 (0x0020c533) x10 0xfffffffc
0x80001cfc (0x0032d5b3) x11 0x00000003
0x80001d00 (0x4032d633) x12 0x00000003
0x80001d04 (0x0020e6b3) x13 0xffffffff
0x80001d08 (0x0020f733) x14 0x00000003
0x80001d0c (0xfc2098e3)
0x80001cdc (0x001100b3) x1  0x00000002
0x80001ce0 (0x40208233) x4  0x00000003
0x80001ce4 (0x003092b3) x5  0x00000008
0x80001ce8 (0x0020a333) x6  0x00000000
0x80001cec (0x001123b3) x7  0x00000001
0x80001cf0 (0x0020b433) x8  0x00000001
0x80001cf4 (0x001134b3) x9  0x00000000
0x80001cf8 (0x0020c533) x10 0xfffffffd
0x80001cfc (0x0032d5b3) x11 0x00000002
0x80001d00 (0x4032d633) x12 0x00000002
0x80001d04 (0x0020e6b3) x13 0xffffffff
0x80001d08 (0x0020f733) x14 0x00000002
0x80001d0c (0xfc2098e3)
0x80001cdc (0x001100b3) x1  0x00000001
0x80001ce0 (0x40208233) x4  0x00000002
0x80001ce4 (0x003092b3) x5  0x00000004
0x80001ce8 (0x0020a333) x6  0x00000000
0x80001cec (0x001123b3) x7  0x00000001
0x80001cf0 (0x0020b433) x8  0x00000001
0x80001cf4 (0x001134b3) x9  0x00000000
0x80001cf8 (0x0020c533) x10 0xfffffffe
0x80001cfc (0x0032d5b3) x11 0x00000001
0x80001d00 (0x4032d633) x12 0x00000001
0x80001d04 (0x0020e6b3) x13 0xffffffff
0x80001d08 (0x0020f733) x14 0x00000001
0x80001d0c (0xfc2098e3)
0x80001cdc (0x001100b3) x1  0x00000000
0x80001ce0 (0x40208233) x4  0x00000001
0x80001ce4 (0x003092b3) x5  0x00000000
0x80001ce8 (0x0020a333) x6  0x00000000
0x80001cec (0x001123b3) x7  0x00000001
0x80001cf0 (0x0020b433) x8  0x00000001
0x80001cf4 (0x001134b3) x9  0x00000000
0x80001cf8 (0x0020c533) x10 0xffffffff
0x80001cfc (0x0032d5b3) x11 0x00000000
0x80001d00 (0x4032d633) x12 0x00000000
0x80001d04 (0x0020e6b3) x13 0xffffffff
0x80001d08 (0x0020f733) x14 0x00000000
0x80001d0c (0xfc2098e3)
0x80001cdc (0x001100b3) x1  0xffffffff
0x80001ce0 (0x40208233) x4  0x00000000
0x80001ce4 (0x003092b3) x5  0xfffffffc
0x80001ce8 (0x0020a333) x6  0x00000000
0x80001cec (0x001123b3) x7  0x00000000
0x80001cf0 (0x0020b433) x8  0x00000000
0x80001cf4 (0x001134b3) x9  0x00000000
0x80001cf8 (0x0020c533) x10 0x00000000
0x80001cfc (0x0032d5b3) x11 0x3fffffff
0x80001d00 (0x4032d633) x12 0xffffffff
0x80001d04 (0x0020e6b3) x13 0xffffffff
0x80001d08 (0x0020f733) x14 0xffffffff
0x80001d0c (0xfc2098e3)
0x80001d10 (0x00208863)
0x80001d20 (0x0020a313) x6  0x00000001
0x80001d24 (0x00112393) x7  0x00000001
0x80001d28 (0x0020b413) x8  0x00000000
0x80001d2c (0x00113493) x9  0x00000000
0x80001d30 (0x0070c513) x10 0xfffffff8
0x80001d34 (0x0010c593) x11 0xfffffffe
0x80001d38 (0x0070e613) x12 0xffffffff
0x80001d3c (0x0010e693) x13 0xffffffff
0x80001d40 (0x0070f713) x14 0x00000007
0x80001d44 (0x0010f793) x15 0x00000001
0x80001d48 (0x00309813) x16 0xfffffff8
0x80001d4c (0x00385893) x17 0x1fffffff
0x80001d50 (0x4048d913) x18 0x01ffffff
0x80001d54 (0x0230c463)
0x80001d7c (0x0211d463)
0x80001da4 (0x02a2f463)
0x80001dcc (0x02556463)
0x80001df4 (0x00000013)
0x80001df8 (0x2d00006f)
